Component: ARM Compiler 5.06 update 6 (build 750) Tool: armlink [4d35ed]

==============================================================================

Section Cross References

    stm32f1xx_hal_msp.o(i.HAL_MspInit) refers to stm32f1xx_hal_cortex.o(i.HAL_NVIC_SetPriorityGrouping) for HAL_NVIC_SetPriorityGrouping
    stm32f1xx_hal_msp.o(i.HAL_MspInit) refers to stm32f1xx_hal_cortex.o(i.HAL_NVIC_SetPriority) for HAL_NVIC_SetPriority
    stm32f1xx_hal_msp.o(i.HAL_TIM_Base_MspDeInit) refers to stm32f1xx_hal_cortex.o(i.HAL_NVIC_DisableIRQ) for HAL_NVIC_DisableIRQ
    stm32f1xx_hal_msp.o(i.HAL_UART_MspDeInit) refers to stm32f1xx_hal_gpio.o(i.HAL_GPIO_DeInit) for HAL_GPIO_DeInit
    stm32f1xx_hal_msp.o(i.HAL_UART_MspDeInit) refers to stm32f1xx_hal_cortex.o(i.HAL_NVIC_DisableIRQ) for HAL_NVIC_DisableIRQ
    stm32f1xx_hal_msp.o(i.HAL_UART_MspInit) refers to stm32f1xx_hal_gpio.o(i.HAL_GPIO_Init) for HAL_GPIO_Init
    main.o(i.MX_GPIO_Init) refers to stm32f1xx_hal_gpio.o(i.HAL_GPIO_Init) for HAL_GPIO_Init
    main.o(i.MX_NVIC_Init) refers to stm32f1xx_hal_cortex.o(i.HAL_NVIC_SetPriority) for HAL_NVIC_SetPriority
    main.o(i.MX_NVIC_Init) refers to stm32f1xx_hal_cortex.o(i.HAL_NVIC_EnableIRQ) for HAL_NVIC_EnableIRQ
    main.o(i.MX_TIM2_Init) refers to stm32f1xx_hal_tim.o(i.HAL_TIM_Base_Init) for HAL_TIM_Base_Init
    main.o(i.MX_TIM2_Init) refers to main.o(i._Error_Handler) for _Error_Handler
    main.o(i.MX_TIM2_Init) refers to stm32f1xx_hal_tim.o(i.HAL_TIM_ConfigClockSource) for HAL_TIM_ConfigClockSource
    main.o(i.MX_TIM2_Init) refers to stm32f1xx_hal_tim_ex.o(i.HAL_TIMEx_MasterConfigSynchronization) for HAL_TIMEx_MasterConfigSynchronization
    main.o(i.MX_TIM2_Init) refers to main.o(.bss) for htim2
    main.o(i.MX_USART2_UART_Init) refers to stm32f1xx_hal_uart.o(i.HAL_UART_Init) for HAL_UART_Init
    main.o(i.MX_USART2_UART_Init) refers to main.o(i._Error_Handler) for _Error_Handler
    main.o(i.MX_USART2_UART_Init) refers to main.o(.bss) for huart2
    main.o(i.MX_USART3_UART_Init) refers to stm32f1xx_hal_uart.o(i.HAL_UART_Init) for HAL_UART_Init
    main.o(i.MX_USART3_UART_Init) refers to main.o(i._Error_Handler) for _Error_Handler
    main.o(i.MX_USART3_UART_Init) refers to main.o(.bss) for huart3
    main.o(i.SystemClock_Config) refers to stm32f1xx_hal_rcc.o(i.HAL_RCC_OscConfig) for HAL_RCC_OscConfig
    main.o(i.SystemClock_Config) refers to main.o(i._Error_Handler) for _Error_Handler
    main.o(i.SystemClock_Config) refers to stm32f1xx_hal_rcc.o(i.HAL_RCC_ClockConfig) for HAL_RCC_ClockConfig
    main.o(i.SystemClock_Config) refers to stm32f1xx_hal_rcc.o(i.HAL_RCC_GetHCLKFreq) for HAL_RCC_GetHCLKFreq
    main.o(i.SystemClock_Config) refers to stm32f1xx_hal_cortex.o(i.HAL_SYSTICK_Config) for HAL_SYSTICK_Config
    main.o(i.SystemClock_Config) refers to stm32f1xx_hal_cortex.o(i.HAL_SYSTICK_CLKSourceConfig) for HAL_SYSTICK_CLKSourceConfig
    main.o(i.SystemClock_Config) refers to stm32f1xx_hal_cortex.o(i.HAL_NVIC_SetPriority) for HAL_NVIC_SetPriority
    main.o(i.key1LongPress) refers to printf8.o(i.__0printf$8) for __2printf
    main.o(i.key1LongPress) refers to gizwits_protocol.o(i.gizwitsSetMode) for gizwitsSetMode
    main.o(i.key1ShortPress) refers to printf8.o(i.__0printf$8) for __2printf
    main.o(i.key1ShortPress) refers to gizwits_protocol.o(i.gizwitsSetMode) for gizwitsSetMode
    main.o(i.key2LongPress) refers to printf8.o(i.__0printf$8) for __2printf
    main.o(i.key2LongPress) refers to gizwits_protocol.o(i.gizwitsSetMode) for gizwitsSetMode
    main.o(i.key2ShortPress) refers to printf8.o(i.__0printf$8) for __2printf
    main.o(i.key2ShortPress) refers to gizwits_protocol.o(i.gizwitsSetMode) for gizwitsSetMode
    main.o(i.keyInit) refers to hal_key.o(i.keyInitOne) for keyInitOne
    main.o(i.keyInit) refers to memcpya.o(.text) for __aeabi_memcpy4
    main.o(i.keyInit) refers to hal_key.o(i.keyParaInit) for keyParaInit
    main.o(i.keyInit) refers to main.o(i.key1LongPress) for key1LongPress
    main.o(i.keyInit) refers to main.o(i.key1ShortPress) for key1ShortPress
    main.o(i.keyInit) refers to main.o(.bss) for singleKey
    main.o(i.keyInit) refers to main.o(i.key2LongPress) for key2LongPress
    main.o(i.keyInit) refers to main.o(i.key2ShortPress) for key2ShortPress
    main.o(i.keyInit) refers to main.o(.data) for keys
    main.o(i.main) refers to stm32f1xx_hal.o(i.HAL_Init) for HAL_Init
    main.o(i.main) refers to main.o(i.SystemClock_Config) for SystemClock_Config
    main.o(i.main) refers to main.o(i.MX_GPIO_Init) for MX_GPIO_Init
    main.o(i.main) refers to main.o(i.MX_TIM2_Init) for MX_TIM2_Init
    main.o(i.main) refers to driver_uart1.o(i.USART1_Init) for USART1_Init
    main.o(i.main) refers to main.o(i.MX_USART2_UART_Init) for MX_USART2_UART_Init
    main.o(i.main) refers to main.o(i.MX_USART3_UART_Init) for MX_USART3_UART_Init
    main.o(i.main) refers to main.o(i.MX_NVIC_Init) for MX_NVIC_Init
    main.o(i.main) refers to gizwits_product.o(i.timerInit) for timerInit
[...]
    ../clib/microlib/malloc/malloc.c         0x00000000   Number         0  mallocr.o ABSOLUTE
    ../clib/microlib/malloc/mvars.c          0x00000000   Number         0  mvars.o ABSOLUTE
    ../clib/microlib/printf/printf.c         0x00000000   Number         0  printf5.o ABSOLUTE
    ../clib/microlib/printf/printf.c         0x00000000   Number         0  printf7.o ABSOLUTE
    ../clib/microlib/printf/printf.c         0x00000000   Number         0  printf6.o ABSOLUTE
    ../clib/microlib/printf/printf.c         0x00000000   Number         0  printf8.o ABSOLUTE
    ../clib/microlib/printf/printf.c         0x00000000   Number         0  printfa.o ABSOLUTE
    ../clib/microlib/printf/printf.c         0x00000000   Number         0  printf3.o ABSOLUTE
    ../clib/microlib/printf/printf.c         0x00000000   Number         0  printf1.o ABSOLUTE
    ../clib/microlib/printf/printf.c         0x00000000   Number         0  printf2.o ABSOLUTE
    ../clib/microlib/printf/printf.c         0x00000000   Number         0  printf4.o ABSOLUTE
    ../clib/microlib/printf/printf.c         0x00000000   Number         0  printfb.o ABSOLUTE
    ../clib/microlib/printf/printf.c         0x00000000   Number         0  printf0.o ABSOLUTE
    ../clib/microlib/printf/stubs.s          0x00000000   Number         0  stubs.o ABSOLUTE
    ../clib/microlib/stdio/streams.c         0x00000000   Number         0  stdout.o ABSOLUTE
    ../clib/microlib/string/memcpy.c         0x00000000   Number         0  memcpyb.o ABSOLUTE
    ../clib/microlib/string/memcpy.c         0x00000000   Number         0  memcpya.o ABSOLUTE
    ../clib/microlib/string/memset.c         0x00000000   Number         0  memseta.o ABSOLUTE
    ../clib/microlib/string/strlen.c         0x00000000   Number         0  strlen.o ABSOLUTE
    ../clib/microlib/stubs.s                 0x00000000   Number         0  iusefp.o ABSOLUTE
    ../fplib/microlib/fpadd.c                0x00000000   Number         0  dadd.o ABSOLUTE
    ../fplib/microlib/fpadd.c                0x00000000   Number         0  fadd.o ABSOLUTE
    ../fplib/microlib/fpdiv.c                0x00000000   Number         0  fdiv.o ABSOLUTE
    ../fplib/microlib/fpdiv.c                0x00000000   Number         0  ddiv.o ABSOLUTE
    ../fplib/microlib/fpepilogue.c           0x00000000   Number         0  depilogue.o ABSOLUTE
    ../fplib/microlib/fpepilogue.c           0x00000000   Number         0  fepilogue.o ABSOLUTE
    ../fplib/microlib/fpfix.c                0x00000000   Number         0  ffixui.o ABSOLUTE
    ../fplib/microlib/fpfix.c                0x00000000   Number         0  dfixul.o ABSOLUTE
    ../fplib/microlib/fpflt.c                0x00000000   Number         0  ffltui.o ABSOLUTE
    ../fplib/microlib/fpmul.c                0x00000000   Number         0  fmul.o ABSOLUTE
    ../fplib/microlib/fpmul.c                0x00000000   Number         0  dmul.o ABSOLUTE
    ..\Drivers\STM32F1xx_HAL_Driver\Src\stm32f1xx_hal.c 0x00000000   Number         0  stm32f1xx_hal.o ABSOLUTE
    ..\Drivers\STM32F1xx_HAL_Driver\Src\stm32f1xx_hal_cortex.c 0x00000000   Number         0  stm32f1xx_hal_cortex.o ABSOLUTE
    ..\Drivers\STM32F1xx_HAL_Driver\Src\stm32f1xx_hal_dma.c 0x00000000   Number         0  stm32f1xx_hal_dma.o ABSOLUTE
    ..\Drivers\STM32F1xx_HAL_Driver\Src\stm32f1xx_hal_flash.c 0x00000000   Number         0  stm32f1xx_hal_flash.o ABSOLUTE
    ..\Drivers\STM32F1xx_HAL_Driver\Src\stm32f1xx_hal_flash_ex.c 0x00000000   Number         0  stm32f1xx_hal_flash_ex.o ABSOLUTE
    ..\Drivers\STM32F1xx_HAL_Driver\Src\stm32f1xx_hal_gpio.c 0x00000000   Number         0  stm32f1xx_hal_gpio.o ABSOLUTE
    ..\Drivers\STM32F1xx_HAL_Driver\Src\stm32f1xx_hal_gpio_ex.c 0x00000000   Number         0  stm32f1xx_hal_gpio_ex.o ABSOLUTE
    ..\Drivers\STM32F1xx_HAL_Driver\Src\stm32f1xx_hal_pwr.c 0x00000000   Number         0  stm32f1xx_hal_pwr.o ABSOLUTE
    ..\Drivers\STM32F1xx_HAL_Driver\Src\stm32f1xx_hal_rcc.c 0x00000000   Number         0  stm32f1xx_hal_rcc.o ABSOLUTE
    ..\Drivers\STM32F1xx_HAL_Driver\Src\stm32f1xx_hal_rcc_ex.c 0x00000000   Number         0  stm32f1xx_hal_rcc_ex.o ABSOLUTE
    ..\Drivers\STM32F1xx_HAL_Driver\Src\stm32f1xx_hal_tim.c 0x00000000   Number         0  stm32f1xx_hal_tim.o ABSOLUTE
    ..\Drivers\STM32F1xx_HAL_Driver\Src\stm32f1xx_hal_tim_ex.c 0x00000000   Number         0  stm32f1xx_hal_tim_ex.o ABSOLUTE
    ..\Drivers\STM32F1xx_HAL_Driver\Src\stm32f1xx_hal_uart.c 0x00000000   Number         0  stm32f1xx_hal_uart.o ABSOLUTE
    ..\Gizwits\gizwits_product.c             0x00000000   Number         0  gizwits_product.o ABSOLUTE
    ..\Gizwits\gizwits_protocol.c            0x00000000   Number         0  gizwits_protocol.o ABSOLUTE
    ..\Hal\MSerial.c                         0x00000000   Number         0  mserial.o ABSOLUTE
    ..\Hal\MUtility.c                        0x00000000   Number         0  mutility.o ABSOLUTE
    ..\Hal\XTaskComERV.c                     0x00000000   Number         0  xtaskcomerv.o ABSOLUTE
    ..\Hal\driver_uart1.c                    0x00000000   Number         0  driver_uart1.o ABSOLUTE
    ..\Hal\driver_utility.c                  0x00000000   Number         0  driver_utility.o ABSOLUTE
    ..\Hal\hal_key.c                         0x00000000   Number         0  hal_key.o ABSOLUTE
    ..\Src\main.c                            0x00000000   Number         0  main.o ABSOLUTE
    ..\Src\stm32f1xx_hal_msp.c               0x00000000   Number         0  stm32f1xx_hal_msp.o ABSOLUTE
    ..\Src\stm32f1xx_it.c                    0x00000000   Number         0  stm32f1xx_it.o ABSOLUTE
    ..\Src\system_stm32f1xx.c                0x00000000   Number         0  system_stm32f1xx.o ABSOLUTE
    ..\Utils\common.c                        0x00000000   Number         0  common.o ABSOLUTE
    ..\Utils\dataPointTools.c                0x00000000   Number         0  datapointtools.o ABSOLUTE
    ..\Utils\ringbuffer.c                    0x00000000   Number         0  ringbuffer.o ABSOLUTE
    ..\\Gizwits\\gizwits_product.c           0x00000000   Number         0  gizwits_product.o ABSOLUTE
    ..\\Gizwits\\gizwits_protocol.c          0x00000000   Number         0  gizwits_protocol.o ABSOLUTE
    ..\\Hal\\MSerial.c                       0x00000000   Number         0  mserial.o ABSOLUTE
    ..\\Hal\\MUtility.c                      0x00000000   Number         0  mutility.o ABSOLUTE
    ..\\Hal\\XTaskComERV.c                   0x00000000   Number         0  xtaskcomerv.o ABSOLUTE
    ..\\Hal\\driver_uart1.c                  0x00000000   Number         0  driver_uart1.o ABSOLUTE
    ..\\Hal\\driver_utility.c                0x00000000   Number         0  driver_utility.o ABSOLUTE
    ..\\Hal\\hal_key.c                       0x00000000   Number         0  hal_key.o ABSOLUTE
    cdrcmple.s                               0x00000000   Number         0  cdrcmple.o ABSOLUTE
    cfcmple.s                                0x00000000   Number         0  cfcmple.o ABSOLUTE
    dc.s                                     0x00000000   Number         0  dc.o ABSOLUTE
    handlers.s                               0x00000000   Number         0  handlers.o ABSOLUTE
    init.s                                   0x00000000   Number         0  init.o ABSOLUTE
    startup_stm32f103xb.s                    0x00000000   Number         0  startup_stm32f103xb.o ABSOLUTE
    RESET                                    0x08000000   Section      236  startup_stm32f103xb.o(RESET)
    .ARM.Collect$$$$00000000                 0x080000ec   Section        0  entry.o(.ARM.Collect$$$$00000000)
    .ARM.Collect$$$$00000001                 0x080000ec   Section        4  entry2.o(.ARM.Collect$$$$00000001)
    .ARM.Collect$$$$00000004                 0x080000f0   Section        4  entry5.o(.ARM.Collect$$$$00000004)
    .ARM.Collect$$$$00000008                 0x080000f4   Section        0  entry7b.o(.ARM.Collect$$$$00000008)
    .ARM.Collect$$$$0000000A                 0x080000f4   Section        0  entry8b.o(.ARM.Collect$$$$0000000A)
    .ARM.Collect$$$$0000000B                 0x080000f4   Section        8  entry9a.o(.ARM.Collect$$$$0000000B)
    .ARM.Collect$$$$0000000D                 0x080000fc   Section        0  entry10a.o(.ARM.Collect$$$$0000000D)
    .ARM.Collect$$$$0000000F                 0x080000fc   Section        0  entry11a.o(.ARM.Collect$$$$0000000F)
    .ARM.Collect$$$$00002712                 0x080000fc   Section        4  entry2.o(.ARM.Collect$$$$00002712)
    __lit__00000000                          0x080000fc   Data           4  entry2.o(.ARM.Collect$$$$00002712)
    .text                                    0x08000100   Section       36  startup_stm32f103xb.o(.text)
    .text                                    0x08000124   Section        0  llushr.o(.text)
    .text                                    0x08000144   Section        0  memcpya.o(.text)
    .text                                    0x08000168   Section        0  memseta.o(.text)
    .text                                    0x0800018c   Section        0  fadd.o(.text)
    .text                                    0x0800023c   Section        0  fdiv.o(.text)
    .text                                    0x080002b8   Section        0  ffltui.o(.text)
    .text                                    0x080002c2   Section        0  ffixui.o(.text)
    .text                                    0x080002ec   Section       20  cfcmple.o(.text)
    .text                                    0x08000300   Section        0  uldiv.o(.text)
    .text                                    0x08000362   Section        0  iusefp.o(.text)
    .text                                    0x08000362   Section        0  fepilogue.o(.text)
    .text                                    0x080003d0   Section       36  init.o(.text)
    .text                                    0x080003f4   Section        0  llshl.o(.text)
    i.BusFault_Handler                       0x08000412   Section        0  stm32f1xx_it.o(i.BusFault_Handler)
    i.CXTaskComERV_InitTask                  0x08000418   Section        0  xtaskcomerv.o(i.CXTaskComERV_InitTask)
    i.DebugMon_Handler                       0x08000424   Section        0  stm32f1xx_it.o(i.DebugMon_Handler)
    i.HAL_DMA_Abort_IT                       0x08000428   Section        0  stm32f1xx_hal_dma.o(i.HAL_DMA_Abort_IT)
    i.HAL_GPIO_Init                          0x080004d8   Section        0  stm32f1xx_hal_gpio.o(i.HAL_GPIO_Init)
    i.HAL_GPIO_ReadPin                       0x080007f4   Section        0  stm32f1xx_hal_gpio.o(i.HAL_GPIO_ReadPin)
    i.HAL_GetTick                            0x08000804   Section        0  stm32f1xx_hal.o(i.HAL_GetTick)
    i.HAL_IncTick                            0x08000810   Section        0  stm32f1xx_hal.o(i.HAL_IncTick)
    i.HAL_Init                               0x08000820   Section        0  stm32f1xx_hal.o(i.HAL_Init)
    i.HAL_InitTick                           0x08000848   Section        0  stm32f1xx_hal.o(i.HAL_InitTick)
    i.HAL_MspInit                            0x08000870   Section        0  stm32f1xx_hal_msp.o(i.HAL_MspInit)
    i.HAL_NVIC_EnableIRQ                     0x08000904   Section        0  stm32f1xx_hal_cortex.o(i.HAL_NVIC_EnableIRQ)
    i.HAL_NVIC_SetPriority                   0x0800091e   Section        0  stm32f1xx_hal_cortex.o(i.HAL_NVIC_SetPriority)
    i.HAL_NVIC_SetPriorityGrouping           0x0800099c   Section        0  stm32f1xx_hal_cortex.o(i.HAL_NVIC_SetPriorityGrouping)
    i.HAL_NVIC_SystemReset                   0x080009c4   Section        0  stm32f1xx_hal_cortex.o(i.HAL_NVIC_SystemReset)
    i.HAL_RCC_ClockConfig                    0x08000a08   Section        0  stm32f1xx_hal_rcc.o(i.HAL_RCC_ClockConfig)
    i.HAL_RCC_GetHCLKFreq                    0x08000bac   Section        0  stm32f1xx_hal_rcc.o(i.HAL_RCC_GetHCLKFreq)
    i.HAL_RCC_GetPCLK1Freq                   0x08000bb8   Section        0  stm32f1xx_hal_rcc.o(i.HAL_RCC_GetPCLK1Freq)
    i.HAL_RCC_GetPCLK2Freq                   0x08000bd8   Section        0  stm32f1xx_hal_rcc.o(i.HAL_RCC_GetPCLK2Freq)
    i.HAL_RCC_GetSysClockFreq                0x08000bf8   Section        0  stm32f1xx_hal_rcc.o(i.HAL_RCC_GetSysClockFreq)
    i.HAL_RCC_OscConfig                      0x08000c90   Section        0  stm32f1xx_hal_rcc.o(i.HAL_RCC_OscConfig)
    i.HAL_SYSTICK_CLKSourceConfig            0x080010d0   Section        0  stm32f1xx_hal_cortex.o(i.HAL_SYSTICK_CLKSourceConfig)
    i.HAL_SYSTICK_Callback                   0x080010f8   Section        0  stm32f1xx_hal_cortex.o(i.HAL_SYSTICK_Callback)
    i.HAL_SYSTICK_Config                     0x080010fa   Section        0  stm32f1xx_hal_cortex.o(i.HAL_SYSTICK_Config)
    i.HAL_SYSTICK_IRQHandler                 0x0800112e   Section        0  stm32f1xx_hal_cortex.o(i.HAL_SYSTICK_IRQHandler)
    i.HAL_TIMEx_BreakCallback                0x08001136   Section        0  stm32f1xx_hal_tim_ex.o(i.HAL_TIMEx_BreakCallback)
    i.HAL_TIMEx_CommutationCallback          0x08001138   Section        0  stm32f1xx_hal_tim_ex.o(i.HAL_TIMEx_CommutationCallback)
    i.HAL_TIMEx_MasterConfigSynchronization  0x0800113a   Section        0  stm32f1xx_hal_tim_ex.o(i.HAL_TIMEx_MasterConfigSynchronization)
    i.HAL_TIM_Base_Init                      0x0800119c   Section        0  stm32f1xx_hal_tim.o(i.HAL_TIM_Base_Init)
    i.HAL_TIM_Base_MspInit                   0x080011d0   Section        0  stm32f1xx_hal_msp.o(i.HAL_TIM_Base_MspInit)
    i.HAL_TIM_Base_Start_IT                  0x080011fc   Section        0  stm32f1xx_hal_tim.o(i.HAL_TIM_Base_Start_IT)
    i.HAL_TIM_ConfigClockSource              0x0800121a   Section        0  stm32f1xx_hal_tim.o(i.HAL_TIM_ConfigClockSource)
    i.HAL_TIM_IC_CaptureCallback             0x0800134c   Section        0  stm32f1xx_hal_tim.o(i.HAL_TIM_IC_CaptureCallback)
    i.HAL_TIM_IRQHandler                     0x0800134e   Section        0  stm32f1xx_hal_tim.o(i.HAL_TIM_IRQHandler)
    i.HAL_TIM_OC_DelayElapsedCallback        0x080014e4   Section        0  stm32f1xx_hal_tim.o(i.HAL_TIM_OC_DelayElapsedCallback)
    i.HAL_TIM_PWM_PulseFinishedCallback      0x080014e6   Section        0  stm32f1xx_hal_tim.o(i.HAL_TIM_PWM_PulseFinishedCallback)
    i.HAL_TIM_PeriodElapsedCallback          0x080014e8   Section        0  gizwits_product.o(i.HAL_TIM_PeriodElapsedCallback)
    i.HAL_TIM_TriggerCallback                0x0800150c   Section        0  stm32f1xx_hal_tim.o(i.HAL_TIM_TriggerCallback)
    i.HAL_UART_ErrorCallback                 0x0800150e   Section        0  stm32f1xx_hal_uart.o(i.HAL_UART_ErrorCallback)
    i.HAL_UART_IRQHandler                    0x08001510   Section        0  stm32f1xx_hal_uart.o(i.HAL_UART_IRQHandler)
    i.HAL_UART_Init                          0x0800165c   Section        0  stm32f1xx_hal_uart.o(i.HAL_UART_Init)
    i.HAL_UART_MspInit                       0x080016d0   Section        0  stm32f1xx_hal_msp.o(i.HAL_UART_MspInit)
    i.HAL_UART_Receive_IT                    0x08001788   Section        0  stm32f1xx_hal_uart.o(i.HAL_UART_Receive_IT)
    i.HAL_UART_RxCpltCallback                0x080017f8   Section        0  gizwits_product.o(i.HAL_UART_RxCpltCallback)
    i.HAL_UART_Transmit                      0x08001824   Section        0  stm32f1xx_hal_uart.o(i.HAL_UART_Transmit)
    i.HAL_UART_Transmit_IT                   0x080018fa   Section        0  stm32f1xx_hal_uart.o(i.HAL_UART_Transmit_IT)
    i.HAL_UART_TxCpltCallback                0x08001952   Section        0  stm32f1xx_hal_uart.o(i.HAL_UART_TxCpltCallback)
    i.HardFault_Handler                      0x08001954   Section        0  stm32f1xx_it.o(i.HardFault_Handler)
    i.MSerial_DoLoop                         0x08001958   Section        0  mserial.o(i.MSerial_DoLoop)
    i.MX_GPIO_Init                           0x080019b4   Section        0  main.o(i.MX_GPIO_Init)
    MX_GPIO_Init                             0x080019b5   Thumb Code   126  main.o(i.MX_GPIO_Init)
    i.MX_NVIC_Init                           0x08001a3c   Section        0  main.o(i.MX_NVIC_Init)
    MX_NVIC_Init                             0x08001a3d   Thumb Code    36  main.o(i.MX_NVIC_Init)
    i.MX_TIM2_Init                           0x08001a60   Section        0  main.o(i.MX_TIM2_Init)
    MX_TIM2_Init                             0x08001a61   Thumb Code   106  main.o(i.MX_TIM2_Init)
    i.MX_USART2_UART_Init                    0x08001ae0   Section        0  main.o(i.MX_USART2_UART_Init)
    MX_USART2_UART_Init                      0x08001ae1   Thumb Code    52  main.o(i.MX_USART2_UART_Init)
    i.MX_USART3_UART_Init                    0x08001b2c   Section        0  main.o(i.MX_USART3_UART_Init)
    MX_USART3_UART_Init                      0x08001b2d   Thumb Code    52  main.o(i.MX_USART3_UART_Init)
    i.MemManage_Handler                      0x08001b78   Section        0  stm32f1xx_it.o(i.MemManage_Handler)
    i.NMI_Handler                            0x08001b7c   Section        0  stm32f1xx_it.o(i.NMI_Handler)
    i.NVIC_GetPriorityGrouping               0x08001b80   Section        0  stm32f1xx_hal_cortex.o(i.NVIC_GetPriorityGrouping)
    NVIC_GetPriorityGrouping                 0x08001b81   Thumb Code    10  stm32f1xx_hal_cortex.o(i.NVIC_GetPriorityGrouping)
    i.NVIC_SetPriority                       0x08001b90   Section        0  stm32f1xx_hal_cortex.o(i.NVIC_SetPriority)
    NVIC_SetPriority                         0x08001b91   Thumb Code    32  stm32f1xx_hal_cortex.o(i.NVIC_SetPriority)
    i.OnNewRecv                              0x08001bb8   Section        0  xtaskcomerv.o(i.OnNewRecv)
    i.OnNewSend                              0x08001cb8   Section        0  xtaskcomerv.o(i.OnNewSend)
    i.OnReceive                              0x08001d00   Section        0  mserial.o(i.OnReceive)
    OnReceive                                0x08001d01   Thumb Code    26  mserial.o(i.OnReceive)
    i.OnSend                                 0x08001d2c   Section        0  mserial.o(i.OnSend)
    OnSend                                   0x08001d2d   Thumb Code    48  mserial.o(i.OnSend)
    i.PendSV_Handler                         0x08001d70   Section        0  stm32f1xx_it.o(i.PendSV_Handler)
    i.RCC_Delay                              0x08001d74   Section        0  stm32f1xx_hal_rcc.o(i.RCC_Delay)
    RCC_Delay                                0x08001d75   Thumb Code    36  stm32f1xx_hal_rcc.o(i.RCC_Delay)
    i.Receiving                              0x08001d9c   Section        0  mserial.o(i.Receiving)
    Receiving                                0x08001d9d   Thumb Code   108  mserial.o(i.Receiving)
    i.SVC_Handler                            0x08001e20   Section        0  stm32f1xx_it.o(i.SVC_Handler)
    i.Sending                                0x08001e24   Section        0  mserial.o(i.Sending)
    Sending                                  0x08001e25   Thumb Code    22  mserial.o(i.Sending)
    i.SysTick_Handler                        0x08001e44   Section        0  stm32f1xx_it.o(i.SysTick_Handler)
    i.SystemClock_Config                     0x08001e50   Section        0  main.o(i.SystemClock_Config)
    i.SystemInit                             0x08001ee0   Section        0  system_stm32f1xx.o(i.SystemInit)
    i.TIM2_IRQHandler                        0x08001f38   Section        0  stm32f1xx_it.o(i.TIM2_IRQHandler)
    i.TIM_Base_SetConfig                     0x08001f48   Section        0  stm32f1xx_hal_tim.o(i.TIM_Base_SetConfig)
    i.TIM_ETR_SetConfig                      0x08001fbc   Section        0  stm32f1xx_hal_tim.o(i.TIM_ETR_SetConfig)
    TIM_ETR_SetConfig                        0x08001fbd   Thumb Code    24  stm32f1xx_hal_tim.o(i.TIM_ETR_SetConfig)
    i.TIM_ITRx_SetConfig                     0x08001fd4   Section        0  stm32f1xx_hal_tim.o(i.TIM_ITRx_SetConfig)
    TIM_ITRx_SetConfig                       0x08001fd5   Thumb Code    20  stm32f1xx_hal_tim.o(i.TIM_ITRx_SetConfig)
    i.TIM_TI1_ConfigInputStage               0x08001fe8   Section        0  stm32f1xx_hal_tim.o(i.TIM_TI1_ConfigInputStage)
    TIM_TI1_ConfigInputStage                 0x08001fe9   Thumb Code    42  stm32f1xx_hal_tim.o(i.TIM_TI1_ConfigInputStage)
    i.TIM_TI2_ConfigInputStage               0x08002012   Section        0  stm32f1xx_hal_tim.o(i.TIM_TI2_ConfigInputStage)
    TIM_TI2_ConfigInputStage                 0x08002013   Thumb Code    44  stm32f1xx_hal_tim.o(i.TIM_TI2_ConfigInputStage)
    i.UART_DMAAbortOnError                   0x0800203e   Section        0  stm32f1xx_hal_uart.o(i.UART_DMAAbortOnError)
    UART_DMAAbortOnError                     0x0800203f   Thumb Code    20  stm32f1xx_hal_uart.o(i.UART_DMAAbortOnError)
    i.UART_EndRxTransfer                     0x08002052   Section        0  stm32f1xx_hal_uart.o(i.UART_EndRxTransfer)
    UART_EndRxTransfer                       0x08002053   Thumb Code    32  stm32f1xx_hal_uart.o(i.UART_EndRxTransfer)
    i.UART_EndTransmit_IT                    0x08002072   Section        0  stm32f1xx_hal_uart.o(i.UART_EndTransmit_IT)
    UART_EndTransmit_IT                      0x08002073   Thumb Code    32  stm32f1xx_hal_uart.o(i.UART_EndTransmit_IT)
    i.UART_Receive_IT                        0x08002092   Section        0  stm32f1xx_hal_uart.o(i.UART_Receive_IT)
    UART_Receive_IT                          0x08002093   Thumb Code   166  stm32f1xx_hal_uart.o(i.UART_Receive_IT)
    i.UART_SetConfig                         0x08002138   Section        0  stm32f1xx_hal_uart.o(i.UART_SetConfig)
    UART_SetConfig                           0x08002139   Thumb Code   450  stm32f1xx_hal_uart.o(i.UART_SetConfig)
    i.UART_Transmit_IT                       0x08002300   Section        0  stm32f1xx_hal_uart.o(i.UART_Transmit_IT)
    UART_Transmit_IT                         0x08002301   Thumb Code   104  stm32f1xx_hal_uart.o(i.UART_Transmit_IT)
    i.UART_WaitOnFlagUntilTimeout            0x08002368   Section        0  stm32f1xx_hal_uart.o(i.UART_WaitOnFlagUntilTimeout)
    UART_WaitOnFlagUntilTimeout              0x08002369   Thumb Code   108  stm32f1xx_hal_uart.o(i.UART_WaitOnFlagUntilTimeout)
    i.USART1_GetByte                         0x080023d4   Section        0  driver_uart1.o(i.USART1_GetByte)
    i.USART1_GetStatus                       0x08002410   Section        0  driver_uart1.o(i.USART1_GetStatus)
    i.USART1_IRQHandler                      0x0800241c   Section        0  driver_uart1.o(i.USART1_IRQHandler)
    i.USART1_Init                            0x080024cc   Section        0  driver_uart1.o(i.USART1_Init)
    i.USART1_PreReceive                      0x0800259c   Section        0  driver_uart1.o(i.USART1_PreReceive)
    i.USART1_PreTransmit                     0x080025c4   Section        0  driver_uart1.o(i.USART1_PreTransmit)
    i.USART1_StartSend                       0x080025ec   Section        0  driver_uart1.o(i.USART1_StartSend)
    i.USART1_Write                           0x08002610   Section        0  driver_uart1.o(i.USART1_Write)
    i.USART3_IRQHandler                      0x08002648   Section        0  stm32f1xx_it.o(i.USART3_IRQHandler)
    i.UsageFault_Handler                     0x08002658   Section        0  stm32f1xx_it.o(i.UsageFault_Handler)
    i.Waiting                                0x0800265c   Section        0  mserial.o(i.Waiting)
    Waiting                                  0x0800265d   Thumb Code    26  mserial.o(i.Waiting)
    i._Error_Handler                         0x08002684   Section        0  main.o(i._Error_Handler)
    i.__0printf$8                            0x08002688   Section        0  printf8.o(i.__0printf$8)
    i.__scatterload_copy                     0x080026a8   Section       14  handlers.o(i.__scatterload_copy)
    i.__scatterload_null                     0x080026b6   Section        2  handlers.o(i.__scatterload_null)
    i.__scatterload_zeroinit                 0x080026b8   Section       14  handlers.o(i.__scatterload_zeroinit)
    i._printf_core                           0x080026c8   Section        0  printf8.o(i._printf_core)
    _printf_core                             0x080026c9   Thumb Code   996  printf8.o(i._printf_core)
    i._printf_post_padding                   0x08002ad8   Section        0  printf8.o(i._printf_post_padding)
    _printf_post_padding                     0x08002ad9   Thumb Code    36  printf8.o(i._printf_post_padding)
    i._printf_pre_padding                    0x08002afc   Section        0  printf8.o(i._printf_pre_padding)
    _printf_pre_padding                      0x08002afd   Thumb Code    46  printf8.o(i._printf_pre_padding)
    i.checkFrame                             0x08002b2c   Section        0  xtaskcomerv.o(i.checkFrame)
    checkFrame                               0x08002b2d   Thumb Code   102  xtaskcomerv.o(i.checkFrame)
    i.checkSum                               0x08002bc4   Section        0  xtaskcomerv.o(i.checkSum)
    checkSum                                 0x08002bc5   Thumb Code    28  xtaskcomerv.o(i.checkSum)
    i.exchangeBytes                          0x08002be0   Section        0  common.o(i.exchangeBytes)
    i.exchangeWord                           0x08002bfa   Section        0  common.o(i.exchangeWord)
    i.fputc                                  0x08002c14   Section        0  gizwits_product.o(i.fputc)
    i.getKey                                 0x08002c30   Section        0  hal_key.o(i.getKey)
    i.gizCheckReport                         0x08002c94   Section        0  gizwits_protocol.o(i.gizCheckReport)
    gizCheckReport                           0x08002c95   Thumb Code   240  gizwits_protocol.o(i.gizCheckReport)
    i.gizDataPoints2ReportData               0x08002e28   Section        0  gizwits_protocol.o(i.gizDataPoints2ReportData)
    gizDataPoints2ReportData                 0x08002e29   Thumb Code   144  gizwits_protocol.o(i.gizDataPoints2ReportData)
    i.gizDevReportPolicy                     0x08002ef4   Section        0  gizwits_protocol.o(i.gizDevReportPolicy)
    gizDevReportPolicy                       0x08002ef5   Thumb Code   128  gizwits_protocol.o(i.gizDevReportPolicy)
    i.gizGetTimerCount                       0x08002fb0   Section        0  gizwits_product.o(i.gizGetTimerCount)
    i.gizProtocolAckHandle                   0x08002fbc   Section        0  gizwits_protocol.o(i.gizProtocolAckHandle)
    gizProtocolAckHandle                     0x08002fbd   Thumb Code    94  gizwits_protocol.o(i.gizProtocolAckHandle)
    i.gizProtocolCommonAck                   0x08003048   Section        0  gizwits_protocol.o(i.gizProtocolCommonAck)
    gizProtocolCommonAck                     0x08003049   Thumb Code    86  gizwits_protocol.o(i.gizProtocolCommonAck)
    i.gizProtocolErrorCmd                    0x080030e8   Section        0  gizwits_protocol.o(i.gizProtocolErrorCmd)
    gizProtocolErrorCmd                      0x080030e9   Thumb Code    90  gizwits_protocol.o(i.gizProtocolErrorCmd)
    i.gizProtocolGetDeviceInfo               0x0800318c   Section        0  gizwits_protocol.o(i.gizProtocolGetDeviceInfo)
    gizProtocolGetDeviceInfo                 0x0800318d   Thumb Code   182  gizwits_protocol.o(i.gizProtocolGetDeviceInfo)
    i.gizProtocolGetOnePacket                0x08003308   Section        0  gizwits_protocol.o(i.gizProtocolGetOnePacket)
    gizProtocolGetOnePacket                  0x08003309   Thumb Code   358  gizwits_protocol.o(i.gizProtocolGetOnePacket)
    i.gizProtocolHeadInit                    0x080034b0   Section        0  gizwits_protocol.o(i.gizProtocolHeadInit)
    gizProtocolHeadInit                      0x080034b1   Thumb Code    34  gizwits_protocol.o(i.gizProtocolHeadInit)
    i.gizProtocolIssuedDataAck               0x08003500   Section        0  gizwits_protocol.o(i.gizProtocolIssuedDataAck)
    gizProtocolIssuedDataAck                 0x08003501   Thumb Code   226  gizwits_protocol.o(i.gizProtocolIssuedDataAck)
    i.gizProtocolIssuedProcess               0x0800363c   Section        0  gizwits_protocol.o(i.gizProtocolIssuedProcess)
    gizProtocolIssuedProcess                 0x0800363d   Thumb Code   210  gizwits_protocol.o(i.gizProtocolIssuedProcess)
    i.gizProtocolModuleInfoHandle            0x08003744   Section        0  gizwits_protocol.o(i.gizProtocolModuleInfoHandle)
    gizProtocolModuleInfoHandle              0x08003745   Thumb Code    66  gizwits_protocol.o(i.gizProtocolModuleInfoHandle)
    i.gizProtocolModuleStatus                0x080037a0   Section        0  gizwits_protocol.o(i.gizProtocolModuleStatus)
    gizProtocolModuleStatus                  0x080037a1   Thumb Code   816  gizwits_protocol.o(i.gizProtocolModuleStatus)
    i.gizProtocolNTP                         0x08003ca4   Section        0  gizwits_protocol.o(i.gizProtocolNTP)
    gizProtocolNTP                           0x08003ca5   Thumb Code   112  gizwits_protocol.o(i.gizProtocolNTP)
    i.gizProtocolReboot                      0x08003d2c   Section        0  gizwits_protocol.o(i.gizProtocolReboot)
    gizProtocolReboot                        0x08003d2d   Thumb Code    28  gizwits_protocol.o(i.gizProtocolReboot)
    i.gizProtocolResendData                  0x08003d48   Section        0  gizwits_protocol.o(i.gizProtocolResendData)
    gizProtocolResendData                    0x08003d49   Thumb Code    64  gizwits_protocol.o(i.gizProtocolResendData)
    i.gizProtocolSum                         0x08003dc4   Section        0  common.o(i.gizProtocolSum)
    i.gizProtocolWaitAck                     0x08003dec   Section        0  gizwits_protocol.o(i.gizProtocolWaitAck)
    gizProtocolWaitAck                       0x08003ded   Thumb Code    70  gizwits_protocol.o(i.gizProtocolWaitAck)
    i.gizProtocolWaitAckCheck                0x08003e50   Section        0  gizwits_protocol.o(i.gizProtocolWaitAckCheck)
    gizProtocolWaitAckCheck                  0x08003e51   Thumb Code    44  gizwits_protocol.o(i.gizProtocolWaitAckCheck)
    i.gizPutData                             0x08003e98   Section        0  gizwits_protocol.o(i.gizPutData)
    i.gizReportData                          0x08003f0c   Section        0  gizwits_protocol.o(i.gizReportData)
    gizReportData                            0x08003f0d   Thumb Code   140  gizwits_protocol.o(i.gizReportData)
    i.gizTimerMs                             0x08003fe0   Section        0  gizwits_product.o(i.gizTimerMs)
    i.gizY2X                                 0x08003ff0   Section        0  datapointtools.o(i.gizY2X)
    i.gizY2XFloat                            0x08003ffe   Section        0  datapointtools.o(i.gizY2XFloat)
    i.gizwitsEventProcess                    0x08004028   Section        0  gizwits_product.o(i.gizwitsEventProcess)
    i.gizwitsHandle                          0x0800415c   Section        0  gizwits_protocol.o(i.gizwitsHandle)
    i.gizwitsInit                            0x080044cc   Section        0  gizwits_protocol.o(i.gizwitsInit)
    i.gizwitsSetMode                         0x08004530   Section        0  gizwits_protocol.o(i.gizwitsSetMode)
    i.key1LongPress                          0x080047b8   Section        0  main.o(i.key1LongPress)
    i.key1ShortPress                         0x080047e8   Section        0  main.o(i.key1ShortPress)
    i.key2LongPress                          0x08004818   Section        0  main.o(i.key2LongPress)
    i.key2ShortPress                         0x08004848   Section        0  main.o(i.key2ShortPress)
    i.keyHandle                              0x08004874   Section        0  hal_key.o(i.keyHandle)
    i.keyInit                                0x08004930   Section        0  main.o(i.keyInit)
    i.keyInitOne                             0x080049a4   Section        0  hal_key.o(i.keyInitOne)
    i.keyParaInit                            0x08004a00   Section        0  hal_key.o(i.keyParaInit)
    i.main                                   0x08004a1c   Section        0  main.o(i.main)
    i.mcuRestart                             0x08004a80   Section        0  gizwits_product.o(i.mcuRestart)
    i.onError                                0x08004a90   Section        0  xtaskcomerv.o(i.onError)
    onError                                  0x08004a91   Thumb Code    24  xtaskcomerv.o(i.onError)
    i.rbCanRead                              0x08004aac   Section        0  ringbuffer.o(i.rbCanRead)
    i.rbCanWrite                             0x08004ae4   Section        0  ringbuffer.o(i.rbCanWrite)
    i.rbCapacity                             0x08004b02   Section        0  ringbuffer.o(i.rbCapacity)
    i.rbCreate                               0x08004b10   Section        0  ringbuffer.o(i.rbCreate)
    i.rbRead                                 0x08004b26   Section        0  ringbuffer.o(i.rbRead)
    i.rbWrite                                0x08004bc8   Section        0  ringbuffer.o(i.rbWrite)
    i.readKeyValue                           0x08004c64   Section        0  hal_key.o(i.readKeyValue)
    i.timerInit                              0x08004d58   Section        0  gizwits_product.o(i.timerInit)
    i.uartInit                               0x08004d68   Section        0  gizwits_product.o(i.uartInit)
    i.uartWrite                              0x08004d80   Section        0  gizwits_product.o(i.uartWrite)
    i.userHandle                             0x08004e3c   Section        0  gizwits_product.o(i.userHandle)
    i.userInit                               0x08004ec0   Section        0  gizwits_product.o(i.userInit)
    .constdata                               0x08004ed0   Section       24  system_stm32f1xx.o(.constdata)
    .data                                    0x20000000   Section        5  main.o(.data)
    .data                                    0x20000008   Section        5  gizwits_product.o(.data)
    timerMsCount                             0x20000008   Data           4  gizwits_product.o(.data)
    .data                                    0x20000010   Section       16  gizwits_protocol.o(.data)
    lastReportTime                           0x20000010   Data           4  gizwits_protocol.o(.data)
    lastRepTime                              0x20000014   Data           4  gizwits_protocol.o(.data)
    protocolFlag                             0x20000018   Data           1  gizwits_protocol.o(.data)
    protocolCount                            0x2000001a   Data           2  gizwits_protocol.o(.data)
    lastData                                 0x2000001c   Data           1  gizwits_protocol.o(.data)
    debugCount                               0x2000001d   Data           1  gizwits_protocol.o(.data)
    lastStatus                               0x2000001e   Data           2  gizwits_protocol.o(.data)
    .data                                    0x20000020   Section        9  hal_key.o(.data)
    keyTotolNum                              0x20000021   Data           1  hal_key.o(.data)
    keyCheck                                 0x20000022   Data           1  hal_key.o(.data)
    keyState                                 0x20000023   Data           1  hal_key.o(.data)
    keyLongCheck                             0x20000024   Data           2  hal_key.o(.data)
    keyPrev                                  0x20000026   Data           2  hal_key.o(.data)
    key_total                                0x20000028   Data           1  hal_key.o(.data)
    .data                                    0x2000002a   Section       16  mserial.o(.data)
    m_state                                  0x2000002a   Data           1  mserial.o(.data)
    m_stateCnt                               0x2000002c   Data           2  mserial.o(.data)
    m_idleCnt                                0x20000030   Data           2  mserial.o(.data)
    m_onesendCnt                             0x20000032   Data           2  mserial.o(.data)
    m_tmRxOver                               0x20000034   Data           2  mserial.o(.data)
    m_tmNoAck                                0x20000036   Data           2  mserial.o(.data)
    m_tmWait                                 0x20000038   Data           2  mserial.o(.data)
    .data                                    0x2000003a   Section       22  xtaskcomerv.o(.data)
    m_sendCmd                                0x2000004c   Data           1  xtaskcomerv.o(.data)
    m_errCnt                                 0x2000004e   Data           2  xtaskcomerv.o(.data)
    .data                                    0x20000050   Section        4  stm32f1xx_hal.o(.data)
    .data                                    0x20000054   Section        4  system_stm32f1xx.o(.data)
    .data                                    0x20000058   Section        4  stdout.o(.data)
    .bss                                     0x2000005c   Section      234  main.o(.bss)
    .bss                                     0x20000146   Section       24  gizwits_product.o(.bss)
    .bss                                     0x2000015e   Section      401  gizwits_protocol.o(.bss)
    rbBuf                                    0x200002b1   Data          62  gizwits_protocol.o(.bss)
    .bss                                     0x200002ef   Section      263  driver_uart1.o(.bss)
    .bss                                     0x200003f6   Section      512  mserial.o(.bss)
    STACK                                    0x200005f8   Section     8192  startup_stm32f103xb.o(STACK)

    Global Symbols

    Symbol Name                              Value     Ov Type        Size  Object(Section)

    BuildAttributes$$THM_ISAv4$P$D$K$B$S$PE$A:L22UL41UL21$X:L11$S22US41US21$IEEE1$IW$USESV6$~STKCKD$USESV7$~SHL$OTIME$ROPI$EBA8$MICROLIB$REQ8$PRES8$EABIv2 0x00000000   Number         0  anon$$obj.o ABSOLUTE
    __ARM_use_no_argv                        0x00000000   Number         0  main.o ABSOLUTE
    _printf_a                                0x00000000   Number         0  stubs.o ABSOLUTE
    _printf_c                                0x00000000   Number         0  stubs.o ABSOLUTE
    _printf_charcount                        0x00000000   Number         0  stubs.o ABSOLUTE
    _printf_d                                0x00000000   Number         0  stubs.o ABSOLUTE
    _printf_e                                0x00000000   Number         0  stubs.o ABSOLUTE
    _printf_f                                0x00000000   Number         0  stubs.o ABSOLUTE
    _printf_flags                            0x00000000   Number         0  stubs.o ABSOLUTE
    _printf_fp_dec                           0x00000000   Number         0  stubs.o ABSOLUTE
    _printf_fp_hex                           0x00000000   Number         0  stubs.o ABSOLUTE
    _printf_g                                0x00000000   Number         0  stubs.o ABSOLUTE
    _printf_i                                0x00000000   Number         0  stubs.o ABSOLUTE
    _printf_int_dec                          0x00000000   Number         0  stubs.o ABSOLUTE
    _printf_l                                0x00000000   Number         0  stubs.o ABSOLUTE
    _printf_lc                               0x00000000   Number         0  stubs.o ABSOLUTE
    _printf_ll                               0x00000000   Number         0  stubs.o ABSOLUTE
    _printf_lld                              0x00000000   Number         0  stubs.o ABSOLUTE
    _printf_lli                              0x00000000   Number         0  stubs.o ABSOLUTE
    _printf_llo                              0x00000000   Number         0  stubs.o ABSOLUTE
    _printf_llu                              0x00000000   Number         0  stubs.o ABSOLUTE
    _printf_llx                              0x00000000   Number         0  stubs.o ABSOLUTE
    _printf_longlong_dec                     0x00000000   Number         0  stubs.o ABSOLUTE
    _printf_longlong_hex                     0x00000000   Number         0  stubs.o ABSOLUTE
    _printf_longlong_oct                     0x00000000   Number         0  stubs.o ABSOLUTE
    _printf_ls                               0x00000000   Number         0  stubs.o ABSOLUTE
    _printf_mbtowc                           0x00000000   Number         0  stubs.o ABSOLUTE
    _printf_n                                0x00000000   Number         0  stubs.o ABSOLUTE
    _printf_o                                0x00000000   Number         0  stubs.o ABSOLUTE
    _printf_p                                0x00000000   Number         0  stubs.o ABSOLUTE
    _printf_percent                          0x00000000   Number         0  stubs.o ABSOLUTE
    _printf_pre_padding                      0x00000000   Number         0  stubs.o ABSOLUTE
    _printf_return_value                     0x00000000   Number         0  stubs.o ABSOLUTE
    _printf_s                                0x00000000   Number         0  stubs.o ABSOLUTE
    _printf_sizespec                         0x00000000   Number         0  stubs.o ABSOLUTE
    _printf_str                              0x00000000   Number         0  stubs.o ABSOLUTE
    _printf_truncate_signed                  0x00000000   Number         0  stubs.o ABSOLUTE
    _printf_truncate_unsigned                0x00000000   Number         0  stubs.o ABSOLUTE
    _printf_u                                0x00000000   Number         0  stubs.o ABSOLUTE
    _printf_wc                               0x00000000   Number         0  stubs.o ABSOLUTE
    _printf_wctomb                           0x00000000   Number         0  stubs.o ABSOLUTE
    _printf_widthprec                        0x00000000   Number         0  stubs.o ABSOLUTE
    _printf_x                                0x00000000   Number         0  stubs.o ABSOLUTE
    __cpp_initialize__aeabi_                  - Undefined Weak Reference
    __cxa_finalize                            - Undefined Weak Reference
    __decompress                              - Undefined Weak Reference
    _clock_init                               - Undefined Weak Reference
    _microlib_exit                            - Undefined Weak Reference
    __Vectors_Size                           0x000000ec   Number         0  startup_stm32f103xb.o ABSOLUTE
    __Vectors                                0x08000000   Data           4  startup_stm32f103xb.o(RESET)
    __Vectors_End                            0x080000ec   Data           0  startup_stm32f103xb.o(RESET)
    __main                                   0x080000ed   Thumb Code     0  entry.o(.ARM.Collect$$$$00000000)
    _main_stk                                0x080000ed   Thumb Code     0  entry2.o(.ARM.Collect$$$$00000001)
    _main_scatterload                        0x080000f1   Thumb Code     0  entry5.o(.ARM.Collect$$$$00000004)
    __main_after_scatterload                 0x080000f5   Thumb Code     0  entry5.o(.ARM.Collect$$$$00000004)
    _main_clock                              0x080000f5   Thumb Code     0  entry7b.o(.ARM.Collect$$$$00000008)
    _main_cpp_init                           0x080000f5   Thumb Code     0  entry8b.o(.ARM.Collect$$$$0000000A)
    _main_init                               0x080000f5   Thumb Code     0  entry9a.o(.ARM.Collect$$$$0000000B)
    __rt_final_cpp                           0x080000fd   Thumb Code     0  entry10a.o(.ARM.Collect$$$$0000000D)
    __rt_final_exit                          0x080000fd   Thumb Code     0  entry11a.o(.ARM.Collect$$$$0000000F)
    Reset_Handler                            0x08000101   Thumb Code     8  startup_stm32f103xb.o(.text)
    ADC1_2_IRQHandler                        0x0800011b   Thumb Code     0  startup_stm32f103xb.o(.text)
    CAN1_RX1_IRQHandler                      0x0800011b   Thumb Code     0  startup_stm32f103xb.o(.text)
    CAN1_SCE_IRQHandler                      0x0800011b   Thumb Code     0  startup_stm32f103xb.o(.text)
    DMA1_Channel1_IRQHandler                 0x0800011b   Thumb Code     0  startup_stm32f103xb.o(.text)
    DMA1_Channel2_IRQHandler                 0x0800011b   Thumb Code     0  startup_stm32f103xb.o(.text)
    DMA1_Channel3_IRQHandler                 0x0800011b   Thumb Code     0  startup_stm32f103xb.o(.text)
    DMA1_Channel4_IRQHandler                 0x0800011b   Thumb Code     0  startup_stm32f103xb.o(.text)
    DMA1_Channel5_IRQHandler                 0x0800011b   Thumb Code     0  startup_stm32f103xb.o(.text)
    DMA1_Channel6_IRQHandler                 0x0800011b   Thumb Code     0  startup_stm32f103xb.o(.text)
    DMA1_Channel7_IRQHandler                 0x0800011b   Thumb Code     0  startup_stm32f103xb.o(.text)
    EXTI0_IRQHandler                         0x0800011b   Thumb Code     0  startup_stm32f103xb.o(.text)
    EXTI15_10_IRQHandler                     0x0800011b   Thumb Code     0  startup_stm32f103xb.o(.text)
    EXTI1_IRQHandler                         0x0800011b   Thumb Code     0  startup_stm32f103xb.o(.text)
    EXTI2_IRQHandler                         0x0800011b   Thumb Code     0  startup_stm32f103xb.o(.text)
    EXTI3_IRQHandler                         0x0800011b   Thumb Code     0  startup_stm32f103xb.o(.text)
    EXTI4_IRQHandler                         0x0800011b   Thumb Code     0  startup_stm32f103xb.o(.text)
    EXTI9_5_IRQHandler                       0x0800011b   Thumb Code     0  startup_stm32f103xb.o(.text)
    FLASH_IRQHandler                         0x0800011b   Thumb Code     0  startup_stm32f103xb.o(.text)
    I2C1_ER_IRQHandler                       0x0800011b   Thumb Code     0  startup_stm32f103xb.o(.text)
    I2C1_EV_IRQHandler                       0x0800011b   Thumb Code     0  startup_stm32f103xb.o(.text)
    I2C2_ER_IRQHandler                       0x0800011b   Thumb Code     0  startup_stm32f103xb.o(.text)
    I2C2_EV_IRQHandler                       0x0800011b   Thumb Code     0  startup_stm32f103xb.o(.text)
    PVD_IRQHandler                           0x0800011b   Thumb Code     0  startup_stm32f103xb.o(.text)
    RCC_IRQHandler                           0x0800011b   Thumb Code     0  startup_stm32f103xb.o(.text)
    RTC_Alarm_IRQHandler                     0x0800011b   Thumb Code     0  startup_stm32f103xb.o(.text)
    RTC_IRQHandler                           0x0800011b   Thumb Code     0  startup_stm32f103xb.o(.text)
    SPI1_IRQHandler                          0x0800011b   Thumb Code     0  startup_stm32f103xb.o(.text)
    SPI2_IRQHandler                          0x0800011b   Thumb Code     0  startup_stm32f103xb.o(.text)
    TAMPER_IRQHandler                        0x0800011b   Thumb Code     0  startup_stm32f103xb.o(.text)
    TIM1_BRK_IRQHandler                      0x0800011b   Thumb Code     0  startup_stm32f103xb.o(.text)
    TIM1_CC_IRQHandler                       0x0800011b   Thumb Code     0  startup_stm32f103xb.o(.text)
    TIM1_TRG_COM_IRQHandler                  0x0800011b   Thumb Code     0  startup_stm32f103xb.o(.text)
    TIM1_UP_IRQHandler                       0x0800011b   Thumb Code     0  startup_stm32f103xb.o(.text)
    TIM3_IRQHandler                          0x0800011b   Thumb Code     0  startup_stm32f103xb.o(.text)
    TIM4_IRQHandler                          0x0800011b   Thumb Code     0  startup_stm32f103xb.o(.text)
    USART2_IRQHandler                        0x0800011b   Thumb Code     0  startup_stm32f103xb.o(.text)
    USBWakeUp_IRQHandler                     0x0800011b   Thumb Code     0  startup_stm32f103xb.o(.text)
    USB_HP_CAN1_TX_IRQHandler                0x0800011b   Thumb Code     0  startup_stm32f103xb.o(.text)
    USB_LP_CAN1_RX0_IRQHandler               0x0800011b   Thumb Code     0  startup_stm32f103xb.o(.text)
    WWDG_IRQHandler                          0x0800011b   Thumb Code     0  startup_stm32f103xb.o(.text)
    __aeabi_llsr                             0x08000125   Thumb Code    32  llushr.o(.text)
    _ll_ushift_r                             0x08000125   Thumb Code     0  llushr.o(.text)
    __aeabi_memcpy                           0x08000145   Thumb Code    36  memcpya.o(.text)
    __aeabi_memcpy4                          0x08000145   Thumb Code     0  memcpya.o(.text)
    __aeabi_memcpy8                          0x08000145   Thumb Code     0  memcpya.o(.text)
    __aeabi_memset                           0x08000169   Thumb Code    14  memseta.o(.text)
    __aeabi_memset4                          0x08000169   Thumb Code     0  memseta.o(.text)
    __aeabi_memset8                          0x08000169   Thumb Code     0  memseta.o(.text)
    __aeabi_memclr                           0x08000177   Thumb Code     4  memseta.o(.text)
    __aeabi_memclr4                          0x08000177   Thumb Code     0  memseta.o(.text)
    __aeabi_memclr8                          0x08000177   Thumb Code     0  memseta.o(.text)
    _memset$wrapper                          0x0800017b   Thumb Code    18  memseta.o(.text)
    __aeabi_fadd                             0x0800018d   Thumb Code   164  fadd.o(.text)
    __aeabi_fsub                             0x08000231   Thumb Code     6  fadd.o(.text)
    __aeabi_frsub                            0x08000237   Thumb Code     6  fadd.o(.text)
    __aeabi_fdiv                             0x0800023d   Thumb Code   124  fdiv.o(.text)
    __aeabi_ui2f                             0x080002b9   Thumb Code    10  ffltui.o(.text)
    __aeabi_f2uiz                            0x080002c3   Thumb Code    40  ffixui.o(.text)
    __aeabi_cfcmpeq                          0x080002ed   Thumb Code     0  cfcmple.o(.text)
    __aeabi_cfcmple                          0x080002ed   Thumb Code    20  cfcmple.o(.text)
    __aeabi_uldivmod                         0x08000301   Thumb Code    98  uldiv.o(.text)
    __I$use$fp                               0x08000363   Thumb Code     0  iusefp.o(.text)
    _float_round                             0x08000363   Thumb Code    18  fepilogue.o(.text)
    _float_epilogue                          0x08000375   Thumb Code    92  fepilogue.o(.text)
    __scatterload                            0x080003d1   Thumb Code    28  init.o(.text)
    __scatterload_rt2                        0x080003d1   Thumb Code     0  init.o(.text)
    __aeabi_llsl                             0x080003f5   Thumb Code    30  llshl.o(.text)
    _ll_shift_l                              0x080003f5   Thumb Code     0  llshl.o(.text)
    BusFault_Handler                         0x08000413   Thumb Code     4  stm32f1xx_it.o(i.BusFault_Handler)
    CXTaskComERV_InitTask                    0x08000419   Thumb Code     8  xtaskcomerv.o(i.CXTaskComERV_InitTask)
    DebugMon_Handler                         0x08000425   Thumb Code     2  stm32f1xx_it.o(i.DebugMon_Handler)
    HAL_DMA_Abort_IT                         0x08000429   Thumb Code   172  stm32f1xx_hal_dma.o(i.HAL_DMA_Abort_IT)
    HAL_GPIO_Init                            0x080004d9   Thumb Code   764  stm32f1xx_hal_gpio.o(i.HAL_GPIO_Init)
    HAL_GPIO_ReadPin                         0x080007f5   Thumb Code    16  stm32f1xx_hal_gpio.o(i.HAL_GPIO_ReadPin)
    HAL_GetTick                              0x08000805   Thumb Code     6  stm32f1xx_hal.o(i.HAL_GetTick)
    HAL_IncTick                              0x08000811   Thumb Code    12  stm32f1xx_hal.o(i.HAL_IncTick)
    HAL_Init                                 0x08000821   Thumb Code    34  stm32f1xx_hal.o(i.HAL_Init)
    HAL_InitTick                             0x08000849   Thumb Code    36  stm32f1xx_hal.o(i.HAL_InitTick)
    HAL_MspInit                              0x08000871   Thumb Code   140  stm32f1xx_hal_msp.o(i.HAL_MspInit)
    HAL_NVIC_EnableIRQ                       0x08000905   Thumb Code    26  stm32f1xx_hal_cortex.o(i.HAL_NVIC_EnableIRQ)
    HAL_NVIC_SetPriority                     0x0800091f   Thumb Code   124  stm32f1xx_hal_cortex.o(i.HAL_NVIC_SetPriority)
    HAL_NVIC_SetPriorityGrouping             0x0800099d   Thumb Code    32  stm32f1xx_hal_cortex.o(i.HAL_NVIC_SetPriorityGrouping)
    HAL_NVIC_SystemReset                     0x080009c5   Thumb Code    60  stm32f1xx_hal_cortex.o(i.HAL_NVIC_SystemReset)
    HAL_RCC_ClockConfig                      0x08000a09   Thumb Code   402  stm32f1xx_hal_rcc.o(i.HAL_RCC_ClockConfig)
    HAL_RCC_GetHCLKFreq                      0x08000bad   Thumb Code     6  stm32f1xx_hal_rcc.o(i.HAL_RCC_GetHCLKFreq)
    HAL_RCC_GetPCLK1Freq                     0x08000bb9   Thumb Code    22  stm32f1xx_hal_rcc.o(i.HAL_RCC_GetPCLK1Freq)
    HAL_RCC_GetPCLK2Freq                     0x08000bd9   Thumb Code    22  stm32f1xx_hal_rcc.o(i.HAL_RCC_GetPCLK2Freq)
    HAL_RCC_GetSysClockFreq                  0x08000bf9   Thumb Code   118  stm32f1xx_hal_rcc.o(i.HAL_RCC_GetSysClockFreq)
    HAL_RCC_OscConfig                        0x08000c91   Thumb Code  1078  stm32f1xx_hal_rcc.o(i.HAL_RCC_OscConfig)
    HAL_SYSTICK_CLKSourceConfig              0x080010d1   Thumb Code    40  stm32f1xx_hal_cortex.o(i.HAL_SYSTICK_CLKSourceConfig)
    HAL_SYSTICK_Callback                     0x080010f9   Thumb Code     2  stm32f1xx_hal_cortex.o(i.HAL_SYSTICK_Callback)
    HAL_SYSTICK_Config                       0x080010fb   Thumb Code    52  stm32f1xx_hal_cortex.o(i.HAL_SYSTICK_Config)
    HAL_SYSTICK_IRQHandler                   0x0800112f   Thumb Code     8  stm32f1xx_hal_cortex.o(i.HAL_SYSTICK_IRQHandler)
    HAL_TIMEx_BreakCallback                  0x08001137   Thumb Code     2  stm32f1xx_hal_tim_ex.o(i.HAL_TIMEx_BreakCallback)
    HAL_TIMEx_CommutationCallback            0x08001139   Thumb Code     2  stm32f1xx_hal_tim_ex.o(i.HAL_TIMEx_CommutationCallback)
    HAL_TIMEx_MasterConfigSynchronization    0x0800113b   Thumb Code    98  stm32f1xx_hal_tim_ex.o(i.HAL_TIMEx_MasterConfigSynchronization)
    HAL_TIM_Base_Init                        0x0800119d   Thumb Code    52  stm32f1xx_hal_tim.o(i.HAL_TIM_Base_Init)
    HAL_TIM_Base_MspInit                     0x080011d1   Thumb Code    40  stm32f1xx_hal_msp.o(i.HAL_TIM_Base_MspInit)
    HAL_TIM_Base_Start_IT                    0x080011fd   Thumb Code    30  stm32f1xx_hal_tim.o(i.HAL_TIM_Base_Start_IT)
    HAL_TIM_ConfigClockSource                0x0800121b   Thumb Code   306  stm32f1xx_hal_tim.o(i.HAL_TIM_ConfigClockSource)
    HAL_TIM_IC_CaptureCallback               0x0800134d   Thumb Code     2  stm32f1xx_hal_tim.o(i.HAL_TIM_IC_CaptureCallback)
    HAL_TIM_IRQHandler                       0x0800134f   Thumb Code   406  stm32f1xx_hal_tim.o(i.HAL_TIM_IRQHandler)
    HAL_TIM_OC_DelayElapsedCallback          0x080014e5   Thumb Code     2  stm32f1xx_hal_tim.o(i.HAL_TIM_OC_DelayElapsedCallback)
    HAL_TIM_PWM_PulseFinishedCallback        0x080014e7   Thumb Code     2  stm32f1xx_hal_tim.o(i.HAL_TIM_PWM_PulseFinishedCallback)
    HAL_TIM_PeriodElapsedCallback            0x080014e9   Thumb Code    28  gizwits_product.o(i.HAL_TIM_PeriodElapsedCallback)
    HAL_TIM_TriggerCallback                  0x0800150d   Thumb Code     2  stm32f1xx_hal_tim.o(i.HAL_TIM_TriggerCallback)
    HAL_UART_ErrorCallback                   0x0800150f   Thumb Code     2  stm32f1xx_hal_uart.o(i.HAL_UART_ErrorCallback)
    HAL_UART_IRQHandler                      0x08001511   Thumb Code   326  stm32f1xx_hal_uart.o(i.HAL_UART_IRQHandler)
    HAL_UART_Init                            0x0800165d   Thumb Code   114  stm32f1xx_hal_uart.o(i.HAL_UART_Init)
    HAL_UART_MspInit                         0x080016d1   Thumb Code   162  stm32f1xx_hal_msp.o(i.HAL_UART_MspInit)
    HAL_UART_Receive_IT                      0x08001789   Thumb Code   112  stm32f1xx_hal_uart.o(i.HAL_UART_Receive_IT)
    HAL_UART_RxCpltCallback                  0x080017f9   Thumb Code    32  gizwits_product.o(i.HAL_UART_RxCpltCallback)
    HAL_UART_Transmit                        0x08001825   Thumb Code   214  stm32f1xx_hal_uart.o(i.HAL_UART_Transmit)
    HAL_UART_Transmit_IT                     0x080018fb   Thumb Code    88  stm32f1xx_hal_uart.o(i.HAL_UART_Transmit_IT)
    HAL_UART_TxCpltCallback                  0x08001953   Thumb Code     2  stm32f1xx_hal_uart.o(i.HAL_UART_TxCpltCallback)
    HardFault_Handler                        0x08001955   Thumb Code     4  stm32f1xx_it.o(i.HardFault_Handler)
    MSerial_DoLoop                           0x08001959   Thumb Code    82  mserial.o(i.MSerial_DoLoop)
    MemManage_Handler                        0x08001b79   Thumb Code     4  stm32f1xx_it.o(i.MemManage_Handler)
    NMI_Handler                              0x08001b7d   Thumb Code     2  stm32f1xx_it.o(i.NMI_Handler)
    OnNewRecv                                0x08001bb9   Thumb Code   208  xtaskcomerv.o(i.OnNewRecv)
    OnNewSend                                0x08001cb9   Thumb Code    58  xtaskcomerv.o(i.OnNewSend)
    PendSV_Handler                           0x08001d71   Thumb Code     2  stm32f1xx_it.o(i.PendSV_Handler)
    SVC_Handler                              0x08001e21   Thumb Code     2  stm32f1xx_it.o(i.SVC_Handler)
    SysTick_Handler                          0x08001e45   Thumb Code    12  stm32f1xx_it.o(i.SysTick_Handler)
    SystemClock_Config                       0x08001e51   Thumb Code   128  main.o(i.SystemClock_Config)
    SystemInit                               0x08001ee1   Thumb Code    70  system_stm32f1xx.o(i.SystemInit)
    TIM2_IRQHandler                          0x08001f39   Thumb Code    10  stm32f1xx_it.o(i.TIM2_IRQHandler)
    TIM_Base_SetConfig                       0x08001f49   Thumb Code   102  stm32f1xx_hal_tim.o(i.TIM_Base_SetConfig)
    USART1_GetByte                           0x080023d5   Thumb Code    56  driver_uart1.o(i.USART1_GetByte)
    USART1_GetStatus                         0x08002411   Thumb Code     8  driver_uart1.o(i.USART1_GetStatus)
    USART1_IRQHandler                        0x0800241d   Thumb Code   166  driver_uart1.o(i.USART1_IRQHandler)
    USART1_Init                              0x080024cd   Thumb Code   172  driver_uart1.o(i.USART1_Init)
    USART1_PreReceive                        0x0800259d   Thumb Code    30  driver_uart1.o(i.USART1_PreReceive)
    USART1_PreTransmit                       0x080025c5   Thumb Code    32  driver_uart1.o(i.USART1_PreTransmit)
    USART1_StartSend                         0x080025ed   Thumb Code    28  driver_uart1.o(i.USART1_StartSend)
    USART1_Write                             0x08002611   Thumb Code    50  driver_uart1.o(i.USART1_Write)
    USART3_IRQHandler                        0x08002649   Thumb Code    10  stm32f1xx_it.o(i.USART3_IRQHandler)
    UsageFault_Handler                       0x08002659   Thumb Code     4  stm32f1xx_it.o(i.UsageFault_Handler)
    _Error_Handler                           0x08002685   Thumb Code     4  main.o(i._Error_Handler)
    __0printf$8                              0x08002689   Thumb Code    22  printf8.o(i.__0printf$8)
    __1printf$8                              0x08002689   Thumb Code     0  printf8.o(i.__0printf$8)
    __2printf                                0x08002689   Thumb Code     0  printf8.o(i.__0printf$8)
    __scatterload_copy                       0x080026a9   Thumb Code    14  handlers.o(i.__scatterload_copy)
    __scatterload_null                       0x080026b7   Thumb Code     2  handlers.o(i.__scatterload_null)
    __scatterload_zeroinit                   0x080026b9   Thumb Code    14  handlers.o(i.__scatterload_zeroinit)
    exchangeBytes                            0x08002be1   Thumb Code    26  common.o(i.exchangeBytes)
    exchangeWord                             0x08002bfb   Thumb Code    26  common.o(i.exchangeWord)
    fputc                                    0x08002c15   Thumb Code    22  gizwits_product.o(i.fputc)
    getKey                                   0x08002c31   Thumb Code    94  hal_key.o(i.getKey)
    gizGetTimerCount                         0x08002fb1   Thumb Code     6  gizwits_product.o(i.gizGetTimerCount)
    gizProtocolSum                           0x08003dc5   Thumb Code    38  common.o(i.gizProtocolSum)
    gizPutData                               0x08003e99   Thumb Code    52  gizwits_protocol.o(i.gizPutData)
    gizTimerMs                               0x08003fe1   Thumb Code    12  gizwits_product.o(i.gizTimerMs)
    gizY2X                                   0x08003ff1   Thumb Code    14  datapointtools.o(i.gizY2X)
    gizY2XFloat                              0x08003fff   Thumb Code    42  datapointtools.o(i.gizY2XFloat)
    gizwitsEventProcess                      0x08004029   Thumb Code   174  gizwits_product.o(i.gizwitsEventProcess)
    gizwitsHandle                            0x0800415d   Thumb Code   598  gizwits_protocol.o(i.gizwitsHandle)
    gizwitsInit                              0x080044cd   Thumb Code    46  gizwits_protocol.o(i.gizwitsInit)
    gizwitsSetMode                           0x08004531   Thumb Code   590  gizwits_protocol.o(i.gizwitsSetMode)
    key1LongPress                            0x080047b9   Thumb Code    16  main.o(i.key1LongPress)
    key1ShortPress                           0x080047e9   Thumb Code    16  main.o(i.key1ShortPress)
    key2LongPress                            0x08004819   Thumb Code    16  main.o(i.key2LongPress)
    key2ShortPress                           0x08004849   Thumb Code    16  main.o(i.key2ShortPress)
    keyHandle                                0x08004875   Thumb Code   188  hal_key.o(i.keyHandle)
    keyInit                                  0x08004931   Thumb Code    88  main.o(i.keyInit)
    keyInitOne                               0x080049a5   Thumb Code    82  hal_key.o(i.keyInitOne)
    keyParaInit                              0x08004a01   Thumb Code    24  hal_key.o(i.keyParaInit)
    main                                     0x08004a1d   Thumb Code    76  main.o(i.main)
    mcuRestart                               0x08004a81   Thumb Code    16  gizwits_product.o(i.mcuRestart)
    rbCanRead                                0x08004aad   Thumb Code    56  ringbuffer.o(i.rbCanRead)
    rbCanWrite                               0x08004ae5   Thumb Code    30  ringbuffer.o(i.rbCanWrite)
    rbCapacity                               0x08004b03   Thumb Code    14  ringbuffer.o(i.rbCapacity)
    rbCreate                                 0x08004b11   Thumb Code    22  ringbuffer.o(i.rbCreate)
    rbRead                                   0x08004b27   Thumb Code   162  ringbuffer.o(i.rbRead)
    rbWrite                                  0x08004bc9   Thumb Code   154  ringbuffer.o(i.rbWrite)
    readKeyValue                             0x08004c65   Thumb Code   222  hal_key.o(i.readKeyValue)
    timerInit                                0x08004d59   Thumb Code    10  gizwits_product.o(i.timerInit)
    uartInit                                 0x08004d69   Thumb Code    14  gizwits_product.o(i.uartInit)
    uartWrite                                0x08004d81   Thumb Code   146  gizwits_product.o(i.uartWrite)
    userHandle                               0x08004e3d   Thumb Code    96  gizwits_product.o(i.userHandle)
    userInit                                 0x08004ec1   Thumb Code    12  gizwits_product.o(i.userInit)
    AHBPrescTable                            0x08004ed0   Data          16  system_stm32f1xx.o(.constdata)
    APBPrescTable                            0x08004ee0   Data           8  system_stm32f1xx.o(.constdata)
    Region$$Table$$Base                      0x08004ee8   Number         0  anon$$obj.o(Region$$Table)
    Region$$Table$$Limit                     0x08004f08   Number         0  anon$$obj.o(Region$$Table)
    keys                                     0x20000000   Data           5  main.o(.data)
    aRxBuffer                                0x2000000c   Data           1  gizwits_product.o(.data)
    keyCountTime                             0x20000020   Data           1  hal_key.o(.data)
    m_rxLen                                  0x2000002e   Data           1  mserial.o(.data)
    m_txLen                                  0x2000002f   Data           1  mserial.o(.data)
    g_AirPM1_0                               0x2000003a   Data           2  xtaskcomerv.o(.data)
    g_AirPM2_5                               0x2000003c   Data           2  xtaskcomerv.o(.data)
    g_AirPM10                                0x2000003e   Data           2  xtaskcomerv.o(.data)
    g_TVOC                                   0x20000040   Data           2  xtaskcomerv.o(.data)
    g_HCHO                                   0x20000042   Data           2  xtaskcomerv.o(.data)
    g_CO2                                    0x20000044   Data           2  xtaskcomerv.o(.data)
    g_Temperature                            0x20000046   Data           2  xtaskcomerv.o(.data)
    g_Humidity                               0x20000048   Data           2  xtaskcomerv.o(.data)
    g_airmoduleState                         0x2000004a   Data           2  xtaskcomerv.o(.data)
    uwTick                                   0x20000050   Data           4  stm32f1xx_hal.o(.data)
    SystemCoreClock                          0x20000054   Data           4  system_stm32f1xx.o(.data)
    __stdout                                 0x20000058   Data           4  stdout.o(.data)
    htim2                                    0x2000005c   Data          64  main.o(.bss)
    huart2                                   0x2000009c   Data          64  main.o(.bss)
    huart3                                   0x200000dc   Data          64  main.o(.bss)
    singleKey                                0x2000011c   Data          42  main.o(.bss)
    currentDataPoint                         0x20000146   Data          24  gizwits_product.o(.bss)
    gizwitsProtocol                          0x2000015e   Data         323  gizwits_protocol.o(.bss)
    pRb                                      0x200002a1   Data          16  gizwits_protocol.o(.bss)
    g_usart1                                 0x200002ef   Data         263  driver_uart1.o(.bss)
    m_rxBuf                                  0x200003f6   Data         256  mserial.o(.bss)
    m_txBuf                                  0x200004f6   Data         256  mserial.o(.bss)
    __initial_sp                             0x200025f8   Data           0  startup_stm32f103xb.o(STACK)



==============================================================================

Memory Map of the image

  Image Entry point : 0x080000ed

  Load Region LR_IROM1 (Base: 0x08000000, Size: 0x00004f64, Max: 0x00010000, ABSOLUTE)

    Execution Region ER_IROM1 (Exec base: 0x08000000, Load base: 0x08000000, Size: 0x00004f08, Max: 0x00010000, ABSOLUTE)

    Exec Addr    Load Addr    Size         Type   Attr      Idx    E Section Name        Object

    0x08000000   0x08000000   0x000000ec   Data   RO         3355    RESET               startup_stm32f103xb.o
    0x080000ec   0x080000ec   0x00000000   Code   RO         3397  * .ARM.Collect$$$$00000000  mc_w.l(entry.o)
    0x080000ec   0x080000ec   0x00000004   Code   RO         3713    .ARM.Collect$$$$00000001  mc_w.l(entry2.o)
    0x080000f0   0x080000f0   0x00000004   Code   RO         3716    .ARM.Collect$$$$00000004  mc_w.l(entry5.o)
    0x080000f4   0x080000f4   0x00000000   Code   RO         3718    .ARM.Collect$$$$00000008  mc_w.l(entry7b.o)
    0x080000f4   0x080000f4   0x00000000   Code   RO         3720    .ARM.Collect$$$$0000000A  mc_w.l(entry8b.o)
    0x080000f4   0x080000f4   0x00000008   Code   RO         3721    .ARM.Collect$$$$0000000B  mc_w.l(entry9a.o)
    0x080000fc   0x080000fc   0x00000000   Code   RO         3723    .ARM.Collect$$$$0000000D  mc_w.l(entry10a.o)
    0x080000fc   0x080000fc   0x00000000   Code   RO         3725    .ARM.Collect$$$$0000000F  mc_w.l(entry11a.o)
    0x080000fc   0x080000fc   0x00000004   Code   RO         3714    .ARM.Collect$$$$00002712  mc_w.l(entry2.o)
    0x08000100   0x08000100   0x00000024   Code   RO         3356    .text               startup_stm32f103xb.o
    0x08000124   0x08000124   0x00000020   Code   RO         3400    .text               mc_w.l(llushr.o)
    0x08000144   0x08000144   0x00000024   Code   RO         3404    .text               mc_w.l(memcpya.o)
    0x08000168   0x08000168   0x00000024   Code   RO         3406    .text               mc_w.l(memseta.o)
    0x0800018c   0x0800018c   0x000000b0   Code   RO         3701    .text               mf_w.l(fadd.o)
    0x0800023c   0x0800023c   0x0000007c   Code   RO         3705    .text               mf_w.l(fdiv.o)
    0x080002b8   0x080002b8   0x0000000a   Code   RO         3707    .text               mf_w.l(ffltui.o)
    0x080002c2   0x080002c2   0x00000028   Code   RO         3709    .text               mf_w.l(ffixui.o)
    0x080002ea   0x080002ea   0x00000002   PAD
    0x080002ec   0x080002ec   0x00000014   Code   RO         3711    .text               mf_w.l(cfcmple.o)
    0x08000300   0x08000300   0x00000062   Code   RO         3730    .text               mc_w.l(uldiv.o)
    0x08000362   0x08000362   0x00000000   Code   RO         3734    .text               mc_w.l(iusefp.o)
    0x08000362   0x08000362   0x0000006e   Code   RO         3735    .text               mf_w.l(fepilogue.o)
    0x080003d0   0x080003d0   0x00000024   Code   RO         3747    .text               mc_w.l(init.o)
    0x080003f4   0x080003f4   0x0000001e   Code   RO         3749    .text               mc_w.l(llshl.o)
    0x08000412   0x08000412   0x00000004   Code   RO          272    i.BusFault_Handler  stm32f1xx_it.o
    0x08000416   0x08000416   0x00000002   PAD
    0x08000418   0x08000418   0x0000000c   Code   RO          874    i.CXTaskComERV_InitTask  xtaskcomerv.o
    0x08000424   0x08000424   0x00000002   Code   RO          273    i.DebugMon_Handler  stm32f1xx_it.o
    0x08000426   0x08000426   0x00000002   PAD
    0x08000428   0x08000428   0x000000b0   Code   RO         1762    i.HAL_DMA_Abort_IT  stm32f1xx_hal_dma.o
    0x080004d8   0x080004d8   0x0000031c   Code   RO         1591    i.HAL_GPIO_Init     stm32f1xx_hal_gpio.o
    0x080007f4   0x080007f4   0x00000010   Code   RO         1593    i.HAL_GPIO_ReadPin  stm32f1xx_hal_gpio.o
    0x08000804   0x08000804   0x0000000c   Code   RO         1458    i.HAL_GetTick       stm32f1xx_hal.o
    0x08000810   0x08000810   0x00000010   Code   RO         1460    i.HAL_IncTick       stm32f1xx_hal.o
    0x08000820   0x08000820   0x00000028   Code   RO         1461    i.HAL_Init          stm32f1xx_hal.o
    0x08000848   0x08000848   0x00000028   Code   RO         1462    i.HAL_InitTick      stm32f1xx_hal.o
    0x08000870   0x08000870   0x00000094   Code   RO            4    i.HAL_MspInit       stm32f1xx_hal_msp.o
    0x08000904   0x08000904   0x0000001a   Code   RO         2780    i.HAL_NVIC_EnableIRQ  stm32f1xx_hal_cortex.o
    0x0800091e   0x0800091e   0x0000007c   Code   RO         2786    i.HAL_NVIC_SetPriority  stm32f1xx_hal_cortex.o
    0x0800099a   0x0800099a   0x00000002   PAD
    0x0800099c   0x0800099c   0x00000028   Code   RO         2787    i.HAL_NVIC_SetPriorityGrouping  stm32f1xx_hal_cortex.o
    0x080009c4   0x080009c4   0x00000044   Code   RO         2788    i.HAL_NVIC_SystemReset  stm32f1xx_hal_cortex.o
    0x08000a08   0x08000a08   0x000001a4   Code   RO         1892    i.HAL_RCC_ClockConfig  stm32f1xx_hal_rcc.o
    0x08000bac   0x08000bac   0x0000000c   Code   RO         1897    i.HAL_RCC_GetHCLKFreq  stm32f1xx_hal_rcc.o
    0x08000bb8   0x08000bb8   0x00000020   Code   RO         1899    i.HAL_RCC_GetPCLK1Freq  stm32f1xx_hal_rcc.o
    0x08000bd8   0x08000bd8   0x00000020   Code   RO         1900    i.HAL_RCC_GetPCLK2Freq  stm32f1xx_hal_rcc.o
    0x08000bf8   0x08000bf8   0x00000098   Code   RO         1901    i.HAL_RCC_GetSysClockFreq  stm32f1xx_hal_rcc.o
    0x08000c90   0x08000c90   0x00000440   Code   RO         1904    i.HAL_RCC_OscConfig  stm32f1xx_hal_rcc.o
    0x080010d0   0x080010d0   0x00000028   Code   RO         2789    i.HAL_SYSTICK_CLKSourceConfig  stm32f1xx_hal_cortex.o
    0x080010f8   0x080010f8   0x00000002   Code   RO         2790    i.HAL_SYSTICK_Callback  stm32f1xx_hal_cortex.o
    0x080010fa   0x080010fa   0x00000034   Code   RO         2791    i.HAL_SYSTICK_Config  stm32f1xx_hal_cortex.o
    0x0800112e   0x0800112e   0x00000008   Code   RO         2792    i.HAL_SYSTICK_IRQHandler  stm32f1xx_hal_cortex.o
    0x08001136   0x08001136   0x00000002   Code   RO         1214    i.HAL_TIMEx_BreakCallback  stm32f1xx_hal_tim_ex.o
    0x08001138   0x08001138   0x00000002   Code   RO         1215    i.HAL_TIMEx_CommutationCallback  stm32f1xx_hal_tim_ex.o
    0x0800113a   0x0800113a   0x00000062   Code   RO         1231    i.HAL_TIMEx_MasterConfigSynchronization  stm32f1xx_hal_tim_ex.o
    0x0800119c   0x0800119c   0x00000034   Code   RO         2139    i.HAL_TIM_Base_Init  stm32f1xx_hal_tim.o
    0x080011d0   0x080011d0   0x0000002c   Code   RO            6    i.HAL_TIM_Base_MspInit  stm32f1xx_hal_msp.o
    0x080011fc   0x080011fc   0x0000001e   Code   RO         2144    i.HAL_TIM_Base_Start_IT  stm32f1xx_hal_tim.o
    0x0800121a   0x0800121a   0x00000132   Code   RO         2148    i.HAL_TIM_ConfigClockSource  stm32f1xx_hal_tim.o
    0x0800134c   0x0800134c   0x00000002   Code   RO         2168    i.HAL_TIM_IC_CaptureCallback  stm32f1xx_hal_tim.o
    0x0800134e   0x0800134e   0x00000196   Code   RO         2181    i.HAL_TIM_IRQHandler  stm32f1xx_hal_tim.o
    0x080014e4   0x080014e4   0x00000002   Code   RO         2184    i.HAL_TIM_OC_DelayElapsedCallback  stm32f1xx_hal_tim.o
    0x080014e6   0x080014e6   0x00000002   Code   RO         2211    i.HAL_TIM_PWM_PulseFinishedCallback  stm32f1xx_hal_tim.o
    0x080014e8   0x080014e8   0x00000024   Code   RO          360    i.HAL_TIM_PeriodElapsedCallback  gizwits_product.o
    0x0800150c   0x0800150c   0x00000002   Code   RO         2222    i.HAL_TIM_TriggerCallback  stm32f1xx_hal_tim.o
    0x0800150e   0x0800150e   0x00000002   Code   RO         3046    i.HAL_UART_ErrorCallback  stm32f1xx_hal_uart.o
    0x08001510   0x08001510   0x0000014c   Code   RO         3049    i.HAL_UART_IRQHandler  stm32f1xx_hal_uart.o
    0x0800165c   0x0800165c   0x00000072   Code   RO         3050    i.HAL_UART_Init     stm32f1xx_hal_uart.o
    0x080016ce   0x080016ce   0x00000002   PAD
    0x080016d0   0x080016d0   0x000000b8   Code   RO            8    i.HAL_UART_MspInit  stm32f1xx_hal_msp.o
    0x08001788   0x08001788   0x00000070   Code   RO         3055    i.HAL_UART_Receive_IT  stm32f1xx_hal_uart.o
    0x080017f8   0x080017f8   0x0000002c   Code   RO          361    i.HAL_UART_RxCpltCallback  gizwits_product.o
    0x08001824   0x08001824   0x000000d6   Code   RO         3058    i.HAL_UART_Transmit  stm32f1xx_hal_uart.o
    0x080018fa   0x080018fa   0x00000058   Code   RO         3060    i.HAL_UART_Transmit_IT  stm32f1xx_hal_uart.o
    0x08001952   0x08001952   0x00000002   Code   RO         3061    i.HAL_UART_TxCpltCallback  stm32f1xx_hal_uart.o
    0x08001954   0x08001954   0x00000004   Code   RO          274    i.HardFault_Handler  stm32f1xx_it.o
    0x08001958   0x08001958   0x0000005c   Code   RO          757    i.MSerial_DoLoop    mserial.o
    0x080019b4   0x080019b4   0x00000088   Code   RO          136    i.MX_GPIO_Init      main.o
    0x08001a3c   0x08001a3c   0x00000024   Code   RO          137    i.MX_NVIC_Init      main.o
    0x08001a60   0x08001a60   0x00000080   Code   RO          138    i.MX_TIM2_Init      main.o
    0x08001ae0   0x08001ae0   0x0000004c   Code   RO          139    i.MX_USART2_UART_Init  main.o
    0x08001b2c   0x08001b2c   0x0000004c   Code   RO          140    i.MX_USART3_UART_Init  main.o
    0x08001b78   0x08001b78   0x00000004   Code   RO          275    i.MemManage_Handler  stm32f1xx_it.o
    0x08001b7c   0x08001b7c   0x00000002   Code   RO          276    i.NMI_Handler       stm32f1xx_it.o
    0x08001b7e   0x08001b7e   0x00000002   PAD
    0x08001b80   0x08001b80   0x00000010   Code   RO         2793    i.NVIC_GetPriorityGrouping  stm32f1xx_hal_cortex.o
    0x08001b90   0x08001b90   0x00000028   Code   RO         2794    i.NVIC_SetPriority  stm32f1xx_hal_cortex.o
    0x08001bb8   0x08001bb8   0x00000100   Code   RO          875    i.OnNewRecv         xtaskcomerv.o
    0x08001cb8   0x08001cb8   0x00000048   Code   RO          876    i.OnNewSend         xtaskcomerv.o
    0x08001d00   0x08001d00   0x0000002c   Code   RO          760    i.OnReceive         mserial.o
    0x08001d2c   0x08001d2c   0x00000044   Code   RO          761    i.OnSend            mserial.o
    0x08001d70   0x08001d70   0x00000002   Code   RO          277    i.PendSV_Handler    stm32f1xx_it.o
    0x08001d72   0x08001d72   0x00000002   PAD
    0x08001d74   0x08001d74   0x00000028   Code   RO         1905    i.RCC_Delay         stm32f1xx_hal_rcc.o
    0x08001d9c   0x08001d9c   0x00000084   Code   RO          762    i.Receiving         mserial.o
    0x08001e20   0x08001e20   0x00000002   Code   RO          278    i.SVC_Handler       stm32f1xx_it.o
    0x08001e22   0x08001e22   0x00000002   PAD
    0x08001e24   0x08001e24   0x00000020   Code   RO          763    i.Sending           mserial.o
    0x08001e44   0x08001e44   0x0000000c   Code   RO          279    i.SysTick_Handler   stm32f1xx_it.o
    0x08001e50   0x08001e50   0x00000090   Code   RO          141    i.SystemClock_Config  main.o
    0x08001ee0   0x08001ee0   0x00000058   Code   RO         3364    i.SystemInit        system_stm32f1xx.o
    0x08001f38   0x08001f38   0x00000010   Code   RO          280    i.TIM2_IRQHandler   stm32f1xx_it.o
    0x08001f48   0x08001f48   0x00000074   Code   RO         2223    i.TIM_Base_SetConfig  stm32f1xx_hal_tim.o
    0x08001fbc   0x08001fbc   0x00000018   Code   RO         2230    i.TIM_ETR_SetConfig  stm32f1xx_hal_tim.o
    0x08001fd4   0x08001fd4   0x00000014   Code   RO         2231    i.TIM_ITRx_SetConfig  stm32f1xx_hal_tim.o
    0x08001fe8   0x08001fe8   0x0000002a   Code   RO         2237    i.TIM_TI1_ConfigInputStage  stm32f1xx_hal_tim.o
    0x08002012   0x08002012   0x0000002c   Code   RO         2239    i.TIM_TI2_ConfigInputStage  stm32f1xx_hal_tim.o
    0x0800203e   0x0800203e   0x00000014   Code   RO         3063    i.UART_DMAAbortOnError  stm32f1xx_hal_uart.o
    0x08002052   0x08002052   0x00000020   Code   RO         3073    i.UART_EndRxTransfer  stm32f1xx_hal_uart.o
    0x08002072   0x08002072   0x00000020   Code   RO         3074    i.UART_EndTransmit_IT  stm32f1xx_hal_uart.o
    0x08002092   0x08002092   0x000000a6   Code   RO         3076    i.UART_Receive_IT   stm32f1xx_hal_uart.o
    0x08002138   0x08002138   0x000001c8   Code   RO         3077    i.UART_SetConfig    stm32f1xx_hal_uart.o
    0x08002300   0x08002300   0x00000068   Code   RO         3078    i.UART_Transmit_IT  stm32f1xx_hal_uart.o
    0x08002368   0x08002368   0x0000006c   Code   RO         3079    i.UART_WaitOnFlagUntilTimeout  stm32f1xx_hal_uart.o
    0x080023d4   0x080023d4   0x0000003c   Code   RO          682    i.USART1_GetByte    driver_uart1.o
    0x08002410   0x08002410   0x0000000c   Code   RO          683    i.USART1_GetStatus  driver_uart1.o
    0x0800241c   0x0800241c   0x000000b0   Code   RO          684    i.USART1_IRQHandler  driver_uart1.o
    0x080024cc   0x080024cc   0x000000d0   Code   RO          685    i.USART1_Init       driver_uart1.o
    0x0800259c   0x0800259c   0x00000028   Code   RO          687    i.USART1_PreReceive  driver_uart1.o
    0x080025c4   0x080025c4   0x00000028   Code   RO          688    i.USART1_PreTransmit  driver_uart1.o
    0x080025ec   0x080025ec   0x00000024   Code   RO          689    i.USART1_StartSend  driver_uart1.o
    0x08002610   0x08002610   0x00000038   Code   RO          690    i.USART1_Write      driver_uart1.o
    0x08002648   0x08002648   0x00000010   Code   RO          281    i.USART3_IRQHandler  stm32f1xx_it.o
    0x08002658   0x08002658   0x00000004   Code   RO          282    i.UsageFault_Handler  stm32f1xx_it.o
    0x0800265c   0x0800265c   0x00000028   Code   RO          771    i.Waiting           mserial.o
    0x08002684   0x08002684   0x00000004   Code   RO          142    i._Error_Handler    main.o
    0x08002688   0x08002688   0x00000020   Code   RO         3619    i.__0printf$8       mc_w.l(printf8.o)
    0x080026a8   0x080026a8   0x0000000e   Code   RO         3757    i.__scatterload_copy  mc_w.l(handlers.o)
    0x080026b6   0x080026b6   0x00000002   Code   RO         3758    i.__scatterload_null  mc_w.l(handlers.o)
    0x080026b8   0x080026b8   0x0000000e   Code   RO         3759    i.__scatterload_zeroinit  mc_w.l(handlers.o)
    0x080026c6   0x080026c6   0x00000002   PAD
    0x080026c8   0x080026c8   0x00000410   Code   RO         3626    i._printf_core      mc_w.l(printf8.o)
    0x08002ad8   0x08002ad8   0x00000024   Code   RO         3627    i._printf_post_padding  mc_w.l(printf8.o)
    0x08002afc   0x08002afc   0x0000002e   Code   RO         3628    i._printf_pre_padding  mc_w.l(printf8.o)
    0x08002b2a   0x08002b2a   0x00000002   PAD
    0x08002b2c   0x08002b2c   0x00000098   Code   RO          877    i.checkFrame        xtaskcomerv.o
    0x08002bc4   0x08002bc4   0x0000001c   Code   RO          878    i.checkSum          xtaskcomerv.o
    0x08002be0   0x08002be0   0x0000001a   Code   RO         1028    i.exchangeBytes     common.o
    0x08002bfa   0x08002bfa   0x0000001a   Code   RO         1029    i.exchangeWord      common.o
    0x08002c14   0x08002c14   0x0000001c   Code   RO          362    i.fputc             gizwits_product.o
    0x08002c30   0x08002c30   0x00000064   Code   RO          626    i.getKey            hal_key.o
    0x08002c94   0x08002c94   0x00000194   Code   RO          461    i.gizCheckReport    gizwits_protocol.o
    0x08002e28   0x08002e28   0x000000cc   Code   RO          462    i.gizDataPoints2ReportData  gizwits_protocol.o
    0x08002ef4   0x08002ef4   0x000000bc   Code   RO          463    i.gizDevReportPolicy  gizwits_protocol.o
    0x08002fb0   0x08002fb0   0x0000000c   Code   RO          363    i.gizGetTimerCount  gizwits_product.o
    0x08002fbc   0x08002fbc   0x0000008c   Code   RO          464    i.gizProtocolAckHandle  gizwits_protocol.o
    0x08003048   0x08003048   0x000000a0   Code   RO          465    i.gizProtocolCommonAck  gizwits_protocol.o
    0x080030e8   0x080030e8   0x000000a4   Code   RO          466    i.gizProtocolErrorCmd  gizwits_protocol.o
    0x0800318c   0x0800318c   0x0000017c   Code   RO          467    i.gizProtocolGetDeviceInfo  gizwits_protocol.o
    0x08003308   0x08003308   0x000001a8   Code   RO          468    i.gizProtocolGetOnePacket  gizwits_protocol.o
    0x080034b0   0x080034b0   0x00000050   Code   RO          469    i.gizProtocolHeadInit  gizwits_protocol.o
    0x08003500   0x08003500   0x0000013c   Code   RO          470    i.gizProtocolIssuedDataAck  gizwits_protocol.o
    0x0800363c   0x0800363c   0x00000108   Code   RO          471    i.gizProtocolIssuedProcess  gizwits_protocol.o
    0x08003744   0x08003744   0x0000005c   Code   RO          472    i.gizProtocolModuleInfoHandle  gizwits_protocol.o
    0x080037a0   0x080037a0   0x00000504   Code   RO          473    i.gizProtocolModuleStatus  gizwits_protocol.o
    0x08003ca4   0x08003ca4   0x00000088   Code   RO          474    i.gizProtocolNTP    gizwits_protocol.o
    0x08003d2c   0x08003d2c   0x0000001c   Code   RO          475    i.gizProtocolReboot  gizwits_protocol.o
    0x08003d48   0x08003d48   0x0000007c   Code   RO          476    i.gizProtocolResendData  gizwits_protocol.o
    0x08003dc4   0x08003dc4   0x00000026   Code   RO         1031    i.gizProtocolSum    common.o
    0x08003dea   0x08003dea   0x00000002   PAD
    0x08003dec   0x08003dec   0x00000064   Code   RO          477    i.gizProtocolWaitAck  gizwits_protocol.o
    0x08003e50   0x08003e50   0x00000048   Code   RO          478    i.gizProtocolWaitAckCheck  gizwits_protocol.o
    0x08003e98   0x08003e98   0x00000074   Code   RO          479    i.gizPutData        gizwits_protocol.o
    0x08003f0c   0x08003f0c   0x000000d4   Code   RO          480    i.gizReportData     gizwits_protocol.o
    0x08003fe0   0x08003fe0   0x00000010   Code   RO          364    i.gizTimerMs        gizwits_product.o
    0x08003ff0   0x08003ff0   0x0000000e   Code   RO         1105    i.gizY2X            datapointtools.o
    0x08003ffe   0x08003ffe   0x0000002a   Code   RO         1106    i.gizY2XFloat       datapointtools.o
    0x08004028   0x08004028   0x00000134   Code   RO          365    i.gizwitsEventProcess  gizwits_product.o
    0x0800415c   0x0800415c   0x00000370   Code   RO          483    i.gizwitsHandle     gizwits_protocol.o
    0x080044cc   0x080044cc   0x00000064   Code   RO          484    i.gizwitsInit       gizwits_protocol.o
    0x08004530   0x08004530   0x00000288   Code   RO          486    i.gizwitsSetMode    gizwits_protocol.o
    0x080047b8   0x080047b8   0x00000030   Code   RO          143    i.key1LongPress     main.o
    0x080047e8   0x080047e8   0x00000030   Code   RO          144    i.key1ShortPress    main.o
    0x08004818   0x08004818   0x00000030   Code   RO          145    i.key2LongPress     main.o
    0x08004848   0x08004848   0x0000002c   Code   RO          146    i.key2ShortPress    main.o
    0x08004874   0x08004874   0x000000bc   Code   RO          627    i.keyHandle         hal_key.o
    0x08004930   0x08004930   0x00000074   Code   RO          147    i.keyInit           main.o
    0x080049a4   0x080049a4   0x0000005c   Code   RO          628    i.keyInitOne        hal_key.o
    0x08004a00   0x08004a00   0x0000001c   Code   RO          629    i.keyParaInit       hal_key.o
    0x08004a1c   0x08004a1c   0x00000064   Code   RO          148    i.main              main.o
    0x08004a80   0x08004a80   0x00000010   Code   RO          366    i.mcuRestart        gizwits_product.o
    0x08004a90   0x08004a90   0x0000001c   Code   RO          879    i.onError           xtaskcomerv.o
    0x08004aac   0x08004aac   0x00000038   Code   RO         1163    i.rbCanRead         ringbuffer.o
    0x08004ae4   0x08004ae4   0x0000001e   Code   RO         1164    i.rbCanWrite        ringbuffer.o
    0x08004b02   0x08004b02   0x0000000e   Code   RO         1165    i.rbCapacity        ringbuffer.o
    0x08004b10   0x08004b10   0x00000016   Code   RO         1166    i.rbCreate          ringbuffer.o
    0x08004b26   0x08004b26   0x000000a2   Code   RO         1168    i.rbRead            ringbuffer.o
    0x08004bc8   0x08004bc8   0x0000009a   Code   RO         1169    i.rbWrite           ringbuffer.o
    0x08004c62   0x08004c62   0x00000002   PAD
    0x08004c64   0x08004c64   0x000000f4   Code   RO          630    i.readKeyValue      hal_key.o
    0x08004d58   0x08004d58   0x00000010   Code   RO          367    i.timerInit         gizwits_product.o
    0x08004d68   0x08004d68   0x00000018   Code   RO          368    i.uartInit          gizwits_product.o
    0x08004d80   0x08004d80   0x000000bc   Code   RO          369    i.uartWrite         gizwits_product.o
    0x08004e3c   0x08004e3c   0x00000084   Code   RO          370    i.userHandle        gizwits_product.o
    0x08004ec0   0x08004ec0   0x00000010   Code   RO          371    i.userInit          gizwits_product.o
    0x08004ed0   0x08004ed0   0x00000018   Data   RO         3365    .constdata          system_stm32f1xx.o
    0x08004ee8   0x08004ee8   0x00000020   Data   RO         3755    Region$$Table       anon$$obj.o


    Execution Region RW_IRAM1 (Exec base: 0x20000000, Load base: 0x08004f08, Size: 0x000025f8, Max: 0x00005000, ABSOLUTE)

    Exec Addr    Load Addr    Size         Type   Attr      Idx    E Section Name        Object

    0x20000000   0x08004f08   0x00000005   Data   RW          150    .data               main.o
    0x20000005   0x08004f0d   0x00000003   PAD
    0x20000008   0x08004f10   0x00000005   Data   RW          373    .data               gizwits_product.o
    0x2000000d   0x08004f15   0x00000003   PAD
    0x20000010   0x08004f18   0x00000010   Data   RW          488    .data               gizwits_protocol.o
    0x20000020   0x08004f28   0x00000009   Data   RW          631    .data               hal_key.o
    0x20000029   0x08004f31   0x00000001   PAD
    0x2000002a   0x08004f32   0x00000010   Data   RW          773    .data               mserial.o
    0x2000003a   0x08004f42   0x00000016   Data   RW          880    .data               xtaskcomerv.o
    0x20000050   0x08004f58   0x00000004   Data   RW         1467    .data               stm32f1xx_hal.o
    0x20000054   0x08004f5c   0x00000004   Data   RW         3366    .data               system_stm32f1xx.o
    0x20000058   0x08004f60   0x00000004   Data   RW         3727    .data               mc_w.l(stdout.o)
    0x2000005c        -       0x000000ea   Zero   RW          149    .bss                main.o
    0x20000146        -       0x00000018   Zero   RW          372    .bss                gizwits_product.o
    0x2000015e        -       0x00000191   Zero   RW          487    .bss                gizwits_protocol.o
    0x200002ef        -       0x00000107   Zero   RW          691    .bss                driver_uart1.o
    0x200003f6        -       0x00000200   Zero   RW          772    .bss                mserial.o
    0x200005f6   0x08004f64   0x00000002   PAD
    0x200005f8        -       0x00002000   Zero   RW         3353    STACK               startup_stm32f103xb.o


==============================================================================

Image component sizes


      Code (inc. data)   RO Data    RW Data    ZI Data      Debug   Object Name

        90          0          0          0          0       1972   common.o
        56          0          0          0          0       1231   datapointtools.o
       628         86          0          0        263       4368   driver_uart1.o
       836        286          0          5         24      10446   gizwits_product.o
      6516       2124          0         16        401      17482   gizwits_protocol.o
       652         42          0          9          0       3889   hal_key.o
      1004        272          0          5        234      16766   main.o
       408        102          0         16        512       3387   mserial.o
       438          0          0          0          0       3868   ringbuffer.o
        36          8        236          0       8192        752   startup_stm32f103xb.o
       108         20          0          4          0       2987   stm32f1xx_hal.o
       416         30          0          0          0      28256   stm32f1xx_hal_cortex.o
       176          4          0          0          0       1051   stm32f1xx_hal_dma.o
       812         32          0          0          0       2627   stm32f1xx_hal_gpio.o
       376         34          0          0          0     432952   stm32f1xx_hal_msp.o
      1776        110          0          0          0       5792   stm32f1xx_hal_rcc.o
      1048         14          0          0          0       8791   stm32f1xx_hal_tim.o
       102          0          0          0          0       2182   stm32f1xx_hal_tim_ex.o
      1782         12          0          0          0       9918   stm32f1xx_hal_uart.o
        68         12          0          0          0       4536   stm32f1xx_it.o
        88         18         24          4          0       1103   system_stm32f1xx.o
       548        120          0         22          0       3876   xtaskcomerv.o

    ----------------------------------------------------------------------
     17982       3326        292         88       9628     568232   Object Totals
         0          0         32          0          0          0   (incl. Generated)
        18          0          0          7          2          0   (incl. Padding)

    ----------------------------------------------------------------------

      Code (inc. data)   RO Data    RW Data    ZI Data      Debug   Library Member Name

         0          0          0          0          0          0   entry.o
         0          0          0          0          0          0   entry10a.o
         0          0          0          0          0          0   entry11a.o
         8          4          0          0          0          0   entry2.o
         4          0          0          0          0          0   entry5.o
         0          0          0          0          0          0   entry7b.o
         0          0          0          0          0          0   entry8b.o
         8          4          0          0          0          0   entry9a.o
        30          0          0          0          0          0   handlers.o
        36          8          0          0          0         68   init.o
         0          0          0          0          0          0   iusefp.o
        30          0          0          0          0         68   llshl.o
        32          0          0          0          0         68   llushr.o
        36          0          0          0          0         68   memcpya.o
        36          0          0          0          0        108   memseta.o
      1154         54          0          0          0        352   printf8.o
         0          0          0          4          0          0   stdout.o
        98          0          0          0          0         92   uldiv.o
        20          0          0          0          0         68   cfcmple.o
       176          0          0          0          0        140   fadd.o
       124          0          0          0          0         88   fdiv.o
       110          0          0          0          0        168   fepilogue.o
        40          0          0          0          0         68   ffixui.o
        10          0          0          0          0         68   ffltui.o

    ----------------------------------------------------------------------
      1958         70          0          4          0       1424   Library Totals
         6          0          0          0          0          0   (incl. Padding)

    ----------------------------------------------------------------------

      Code (inc. data)   RO Data    RW Data    ZI Data      Debug   Library Name

      1472         70          0          4          0        824   mc_w.l
       480          0          0          0          0        600   mf_w.l

    ----------------------------------------------------------------------
      1958         70          0          4          0       1424   Library Totals

    ----------------------------------------------------------------------

==============================================================================


      Code (inc. data)   RO Data    RW Data    ZI Data      Debug   

     19940       3396        292         92       9628     561384   Grand Totals
     19940       3396        292         92       9628     561384   ELF Image Totals
     19940       3396        292         92          0          0   ROM Totals

==============================================================================

    Total RO  Size (Code + RO Data)                20232 (  19.76kB)
    Total RW  Size (RW Data + ZI Data)              9720 (   9.49kB)
    Total ROM Size (Code + RO Data + RW Data)      20324 (  19.85kB)

==============================================================================

